Archive member included to satisfy reference by file (symbol)

/Applications/ArmGNUToolchain/15.2.rel1/arm-none-eabi/bin/../lib/gcc/arm-none-eabi/15.2.1/../../../../arm-none-eabi/lib/thumb/v8-m.main+fp/softfp/libm.a(libm_a-wf_sqrt.o)
                              CMakeFiles/vectrex_hello.dir/Users/daniel/projects/vectrex-arcade-private/hardware/uvm2/RP2350_CrazyStones/pico-sdk/src/rp2_common/pico_float/float_math.c.obj (sqrtf)
/Applications/ArmGNUToolchain/15.2.rel1/arm-none-eabi/bin/../lib/gcc/arm-none-eabi/15.2.1/../../../../arm-none-eabi/lib/thumb/v8-m.main+fp/softfp/libm.a(libm_a-ef_sqrt.o)
                              /Applications/ArmGNUToolchain/15.2.rel1/arm-none-eabi/bin/../lib/gcc/arm-none-eabi/15.2.1/../../../../arm-none-eabi/lib/thumb/v8-m.main+fp/softfp/libm.a(libm_a-wf_sqrt.o) (__ieee754_sqrtf)
/Applications/ArmGNUToolchain/15.2.rel1/arm-none-eabi/bin/../lib/gcc/arm-none-eabi/15.2.1/thumb/v8-m.main+fp/softfp/libgcc.a(_arm_addsubdf3.o)
                              CMakeFiles/vectrex_hello.dir/Users/daniel/projects/vectrex-arcade-private/hardware/uvm2/RP2350_CrazyStones/pico-sdk/src/rp2_common/pico_float/float_math.c.obj (__aeabi_f2d)
/Applications/ArmGNUToolchain/15.2.rel1/arm-none-eabi/bin/../lib/gcc/arm-none-eabi/15.2.1/thumb/v8-m.main+fp/softfp/libgcc.a(_aeabi_ldivmod.o)
                              CMakeFiles/vectrex_hello.dir/Users/daniel/projects/vectrex-arcade-private/hardware/uvm2/RP2350_CrazyStones/pico-sdk/src/common/pico_time/time.c.obj (__aeabi_ldivmod)
/Applications/ArmGNUToolchain/15.2.rel1/arm-none-eabi/bin/../lib/gcc/arm-none-eabi/15.2.1/thumb/v8-m.main+fp/softfp/libgcc.a(_aeabi_uldivmod.o)
                              CMakeFiles/vectrex_hello.dir/Users/daniel/projects/vectrex-arcade-private/hardware/uvm2/RP2350_CrazyStones/pico-sdk/src/rp2_common/hardware_clocks/clocks.c.obj (__aeabi_uldivmod)
/Applications/ArmGNUToolchain/15.2.rel1/arm-none-eabi/bin/../lib/gcc/arm-none-eabi/15.2.1/thumb/v8-m.main+fp/softfp/libgcc.a(_udivmoddi4.o)
                              /Applications/ArmGNUToolchain/15.2.rel1/arm-none-eabi/bin/../lib/gcc/arm-none-eabi/15.2.1/thumb/v8-m.main+fp/softfp/libgcc.a(_aeabi_ldivmod.o) (__udivmoddi4)
/Applications/ArmGNUToolchain/15.2.rel1/arm-none-eabi/bin/../lib/gcc/arm-none-eabi/15.2.1/thumb/v8-m.main+fp/softfp/libgcc.a(_dvmd_tls.o)
                              /Applications/ArmGNUToolchain/15.2.rel1/arm-none-eabi/bin/../lib/gcc/arm-none-eabi/15.2.1/thumb/v8-m.main+fp/softfp/libgcc.a(_aeabi_ldivmod.o) (__aeabi_ldiv0)
/Applications/ArmGNUToolchain/15.2.rel1/arm-none-eabi/bin/../lib/gcc/arm-none-eabi/15.2.1/../../../../arm-none-eabi/lib/thumb/v8-m.main+fp/softfp/libg.a(libc_a-calloc.o)
                              CMakeFiles/vectrex_hello.dir/Users/daniel/projects/vectrex-arcade-private/hardware/uvm2/RP2350_CrazyStones/pico-sdk/src/rp2_common/pico_malloc/malloc.c.obj (calloc)
/Applications/ArmGNUToolchain/15.2.rel1/arm-none-eabi/bin/../lib/gcc/arm-none-eabi/15.2.1/../../../../arm-none-eabi/lib/thumb/v8-m.main+fp/softfp/libg.a(libc_a-callocr.o)
                              /Applications/ArmGNUToolchain/15.2.rel1/arm-none-eabi/bin/../lib/gcc/arm-none-eabi/15.2.1/../../../../arm-none-eabi/lib/thumb/v8-m.main+fp/softfp/libg.a(libc_a-calloc.o) (_calloc_r)
/Applications/ArmGNUToolchain/15.2.rel1/arm-none-eabi/bin/../lib/gcc/arm-none-eabi/15.2.1/../../../../arm-none-eabi/lib/thumb/v8-m.main+fp/softfp/libg.a(libc_a-malloc.o)
                              CMakeFiles/vectrex_hello.dir/Users/daniel/projects/vectrex-arcade-private/hardware/uvm2/RP2350_CrazyStones/pico-sdk/src/rp2_common/pico_malloc/malloc.c.obj (malloc)
/Applications/ArmGNUToolchain/15.2.rel1/arm-none-eabi/bin/../lib/gcc/arm-none-eabi/15.2.1/../../../../arm-none-eabi/lib/thumb/v8-m.main+fp/softfp/libg.a(libc_a-mallocr.o)
                              /Applications/ArmGNUToolchain/15.2.rel1/arm-none-eabi/bin/../lib/gcc/arm-none-eabi/15.2.1/../../../../arm-none-eabi/lib/thumb/v8-m.main+fp/softfp/libg.a(libc_a-callocr.o) (_malloc_r)
/Applications/ArmGNUToolchain/15.2.rel1/arm-none-eabi/bin/../lib/gcc/arm-none-eabi/15.2.1/../../../../arm-none-eabi/lib/thumb/v8-m.main+fp/softfp/libg.a(libc_a-mlock.o)
                              /Applications/ArmGNUToolchain/15.2.rel1/arm-none-eabi/bin/../lib/gcc/arm-none-eabi/15.2.1/../../../../arm-none-eabi/lib/thumb/v8-m.main+fp/softfp/libg.a(libc_a-mallocr.o) (__malloc_lock)
/Applications/ArmGNUToolchain/15.2.rel1/arm-none-eabi/bin/../lib/gcc/arm-none-eabi/15.2.1/../../../../arm-none-eabi/lib/thumb/v8-m.main+fp/softfp/libg.a(libc_a-realloc.o)
                              CMakeFiles/vectrex_hello.dir/Users/daniel/projects/vectrex-arcade-private/hardware/uvm2/RP2350_CrazyStones/pico-sdk/src/rp2_common/pico_malloc/malloc.c.obj (realloc)
/Applications/ArmGNUToolchain/15.2.rel1/arm-none-eabi/bin/../lib/gcc/arm-none-eabi/15.2.1/../../../../arm-none-eabi/lib/thumb/v8-m.main+fp/softfp/libg.a(libc_a-reallocr.o)
[...]
Memory Configuration

Name             Origin             Length             Attributes
RAM              0x20000000         0x00080000         xrw
SCRATCH_X        0x20080000         0x00001000         xrw
SCRATCH_Y        0x20081000         0x00001000         xrw
*default*        0x00000000         0xffffffff

Linker script and memory map

Address of section .vpyram set to 0x2007c000

.text           0x20000000     0x2b34
                0x20000000                        __logical_binary_start = .
 *(.vectors)
 .vectors       0x20000000      0x124 CMakeFiles/vectrex_hello.dir/Users/daniel/projects/vectrex-arcade-private/hardware/uvm2/RP2350_CrazyStones/pico-sdk/src/rp2_common/pico_crt0/crt0.S.obj
                0x20000000                __VECTOR_TABLE
                0x20000000                __vectors
                0x20000110                __unhandled_user_irq
                0x20000110                isr_irq49
                0x20000110                isr_irq13
                0x20000110                isr_irq43
                0x20000110                isr_irq45
                0x20000110                isr_irq27
                0x20000110                isr_irq32
                0x20000110                isr_irq31
                0x20000110                isr_irq5
                0x20000110                isr_irq11
                0x20000110                isr_irq23
                0x20000110                isr_usagefault
                0x20000110                isr_irq48
                0x20000110                isr_irq35
                0x20000110                isr_irq18
                0x20000110                isr_irq50
                0x20000110                isr_irq9
                0x20000110                isr_irq30
                0x20000110                isr_irq44
                0x20000110                isr_irq29
                0x20000110                isr_irq26
                0x20000110                isr_irq33
                0x20000110                isr_irq3
                0x20000110                isr_irq12
                0x20000110                isr_securefault
                0x20000110                isr_irq40
                0x20000110                isr_irq28
                0x20000110                isr_irq19
                0x20000110                isr_irq36
                0x20000110                isr_irq41
                0x20000110                isr_irq0
                0x20000110                isr_irq6
                0x20000110                isr_memmanage
                0x20000110                isr_irq37
                0x20000110                isr_irq42
                0x20000110                isr_irq22
                0x20000110                isr_irq17
                0x20000110                isr_irq38
                0x20000110                isr_irq14
                0x20000110                __vectors_end
                0x20000110                __default_isrs_start
                0x20000110                isr_irq2
                0x20000110                isr_irq10
                0x20000110                isr_irq8
                0x20000110                isr_debugmonitor
                0x20000110                isr_irq24
                0x20000110                isr_irq46
                0x20000110                isr_irq1
                0x20000110                isr_irq47
                0x20000110                isr_irq51
                0x20000110                isr_irq7
                0x20000110                isr_irq21
                0x20000110                isr_irq39
                0x20000110                isr_irq20
                0x20000110                isr_irq15
                0x20000110                isr_irq25
                0x20000110                isr_irq34
                0x20000110                isr_irq4
                0x20000110                isr_busfault
                0x20000110                isr_irq16
                0x20000116                unhandled_user_irq_num_in_r0
                0x20000118                isr_invalid
                0x2000011a                isr_nmi
                0x2000011c                isr_hardfault
                0x20000120                isr_pendsv
                0x20000122                isr_systick
                0x20000124                __default_isrs_end
 *(.binary_info_header)
 .binary_info_header
                0x20000124       0x24 CMakeFiles/vectrex_hello.dir/Users/daniel/projects/vectrex-arcade-private/hardware/uvm2/RP2350_CrazyStones/pico-sdk/src/rp2_common/pico_standard_binary_info/standard_binary_info.c.obj
 .binary_info_header
                0x20000148       0x14 CMakeFiles/vectrex_hello.dir/Users/daniel/projects/vectrex-arcade-private/hardware/uvm2/RP2350_CrazyStones/pico-sdk/src/rp2_common/pico_crt0/crt0.S.obj
                0x2000015c                        __binary_info_header_end = .
 *(.embedded_block)
 .embedded_block
                0x2000015c       0x1c CMakeFiles/vectrex_hello.dir/Users/daniel/projects/vectrex-arcade-private/hardware/uvm2/RP2350_CrazyStones/pico-sdk/src/rp2_common/pico_crt0/crt0.S.obj
                0x20000178                        __embedded_block_end = .
                0x20000178                        __reset_start = .
 *(.reset)
 .reset         0x20000178       0xa4 CMakeFiles/vectrex_hello.dir/Users/daniel/projects/vectrex-arcade-private/hardware/uvm2/RP2350_CrazyStones/pico-sdk/src/rp2_common/pico_crt0/crt0.S.obj
                0x20000178                _entry_point
                0x2000021c                        __reset_end = .
 *(.time_critical*)
 .time_critical.mutex_enter_block_until
                0x2000021c       0x6c CMakeFiles/vectrex_hello.dir/Users/daniel/projects/vectrex-arcade-private/hardware/uvm2/RP2350_CrazyStones/pico-sdk/src/common/pico_sync/mutex.c.obj
                0x2000021c                mutex_enter_block_until
 .time_critical.mutex_try_enter_block_until
                0x20000288       0x68 CMakeFiles/vectrex_hello.dir/Users/daniel/projects/vectrex-arcade-private/hardware/uvm2/RP2350_CrazyStones/pico-sdk/src/common/pico_sync/mutex.c.obj
                0x20000288                mutex_try_enter_block_until
 .time_critical.mutex_exit
                0x200002f0       0x3c CMakeFiles/vectrex_hello.dir/Users/daniel/projects/vectrex-arcade-private/hardware/uvm2/RP2350_CrazyStones/pico-sdk/src/common/pico_sync/mutex.c.obj
                0x200002f0                mutex_exit
 *(.text*)
 .text.uvm2_cpu_init
                0x2000032c       0x30 CMakeFiles/vectrex_hello.dir/Users/daniel/projects/vectrex-pseudo-python/ide/electron/resources/uvm2-sdk/uvm2_bus.c.obj
                0x2000032c                uvm2_cpu_init
 .text.uvm2_bus_pads
                0x2000035c       0x48 CMakeFiles/vectrex_hello.dir/Users/daniel/projects/vectrex-pseudo-python/ide/electron/resources/uvm2-sdk/uvm2_bus.c.obj
                0x2000035c                uvm2_bus_pads
 .text.uvm2_bus_halt
                0x200003a4       0x34 CMakeFiles/vectrex_hello.dir/Users/daniel/projects/vectrex-pseudo-python/ide/electron/resources/uvm2-sdk/uvm2_bus.c.obj
                0x200003a4                uvm2_bus_halt
 .text.uvm2_exec
                0x200003d8       0xb4 CMakeFiles/vectrex_hello.dir/Users/daniel/projects/vectrex-pseudo-python/ide/electron/resources/uvm2-sdk/uvm2_bus.c.obj
                0x200003d8                uvm2_exec
 .text.uvm2_bus_delay
                0x2000048c       0x1c CMakeFiles/vectrex_hello.dir/Users/daniel/projects/vectrex-pseudo-python/ide/electron/resources/uvm2-sdk/uvm2_bus.c.obj
                0x2000048c                uvm2_bus_delay
 .text.uvm2_via_write
                0x200004a8       0x58 CMakeFiles/vectrex_hello.dir/Users/daniel/projects/vectrex-pseudo-python/ide/electron/resources/uvm2-sdk/uvm2_bus.c.obj
                0x200004a8                uvm2_via_write
 .text.uvm2_via_read
                0x20000500       0x74 CMakeFiles/vectrex_hello.dir/Users/daniel/projects/vectrex-pseudo-python/ide/electron/resources/uvm2-sdk/uvm2_bus.c.obj
                0x20000500                uvm2_via_read
 .text.mux_sample.constprop.0
                0x20000574       0x70 CMakeFiles/vectrex_hello.dir/Users/daniel/projects/vectrex-pseudo-python/ide/electron/resources/uvm2-sdk/uvm2_draw.c.obj
 .text.via_setup
                0x200005e4      0x104 CMakeFiles/vectrex_hello.dir/Users/daniel/projects/vectrex-pseudo-python/ide/electron/resources/uvm2-sdk/uvm2_draw.c.obj
 .text.uvm2_draw_set_fixup
                0x200006e8        0xc CMakeFiles/vectrex_hello.dir/Users/daniel/projects/vectrex-pseudo-python/ide/electron/resources/uvm2-sdk/uvm2_draw.c.obj
                0x200006e8                uvm2_draw_set_fixup
 .text.uvm2_draw_init
                0x200006f4       0x2c CMakeFiles/vectrex_hello.dir/Users/daniel/projects/vectrex-pseudo-python/ide/electron/resources/uvm2-sdk/uvm2_draw.c.obj
                0x200006f4                uvm2_draw_init
 .text.uvm2_draw_invalidate
                0x20000720       0x24 CMakeFiles/vectrex_hello.dir/Users/daniel/projects/vectrex-pseudo-python/ide/electron/resources/uvm2-sdk/uvm2_draw.c.obj
                0x20000720                uvm2_draw_invalidate
 .text.uvm2_draw_reset
                0x20000744       0x9c CMakeFiles/vectrex_hello.dir/Users/daniel/projects/vectrex-pseudo-python/ide/electron/resources/uvm2-sdk/uvm2_draw.c.obj
                0x20000744                uvm2_draw_reset
 .text.uvm2_draw_intensity
                0x200007e0       0xc8 CMakeFiles/vectrex_hello.dir/Users/daniel/projects/vectrex-pseudo-python/ide/electron/resources/uvm2-sdk/uvm2_draw.c.obj
                0x200007e0                uvm2_draw_intensity
 .text.uvm2_draw_move
                0x200008a8      0x174 CMakeFiles/vectrex_hello.dir/Users/daniel/projects/vectrex-pseudo-python/ide/electron/resources/uvm2-sdk/uvm2_draw.c.obj
                0x200008a8                uvm2_draw_move
 .text.uvm2_draw_delta
                0x20000a1c      0x1b4 CMakeFiles/vectrex_hello.dir/Users/daniel/projects/vectrex-pseudo-python/ide/electron/resources/uvm2-sdk/uvm2_draw.c.obj
                0x20000a1c                uvm2_draw_delta
 .text.uvm2_draw_move_abs
                0x20000bd0       0x20 CMakeFiles/vectrex_hello.dir/Users/daniel/projects/vectrex-pseudo-python/ide/electron/resources/uvm2-sdk/uvm2_draw.c.obj
                0x20000bd0                uvm2_draw_move_abs
 .text.uvm2_frame_begin
                0x20000bf0       0xa8 CMakeFiles/vectrex_hello.dir/Users/daniel/projects/vectrex-pseudo-python/ide/electron/resources/uvm2-sdk/uvm2_draw.c.obj
                0x20000bf0                uvm2_frame_begin
 .text.uvm2_frame_end
                0x20000c98       0xd4 CMakeFiles/vectrex_hello.dir/Users/daniel/projects/vectrex-pseudo-python/ide/electron/resources/uvm2-sdk/uvm2_draw.c.obj
                0x20000c98                uvm2_frame_end
 .text.uvm2_frame_bus_cycles
                0x20000d6c        0xc CMakeFiles/vectrex_hello.dir/Users/daniel/projects/vectrex-pseudo-python/ide/electron/resources/uvm2-sdk/uvm2_draw.c.obj
                0x20000d6c                uvm2_frame_bus_cycles
 .text.read_axis_analog
                0x20000d78       0x7c CMakeFiles/vectrex_hello.dir/Users/daniel/projects/vectrex-pseudo-python/ide/electron/resources/uvm2-sdk/uvm2_input.c.obj
 .text.read_axis_digital
                0x20000df4       0x74 CMakeFiles/vectrex_hello.dir/Users/daniel/projects/vectrex-pseudo-python/ide/electron/resources/uvm2-sdk/uvm2_input.c.obj
 .text.uvm2_input_set_analog
                0x20000e68        0xc CMakeFiles/vectrex_hello.dir/Users/daniel/projects/vectrex-pseudo-python/ide/electron/resources/uvm2-sdk/uvm2_input.c.obj
                0x20000e68                uvm2_input_set_analog
 .text.uvm2_read_buttons
                0x20000e74       0x50 CMakeFiles/vectrex_hello.dir/Users/daniel/projects/vectrex-pseudo-python/ide/electron/resources/uvm2-sdk/uvm2_input.c.obj
                0x20000e74                uvm2_read_buttons
 .text.uvm2_read_axes
                0x20000ec4       0x44 CMakeFiles/vectrex_hello.dir/Users/daniel/projects/vectrex-pseudo-python/ide/electron/resources/uvm2-sdk/uvm2_input.c.obj
                0x20000ec4                uvm2_read_axes
 .text.uvm2_psg_write
                0x20000f08       0x44 CMakeFiles/vectrex_hello.dir/Users/daniel/projects/vectrex-pseudo-python/ide/electron/resources/uvm2-sdk/uvm2_input.c.obj
                0x20000f08                uvm2_psg_write
 .text.uvm2_psg_read
                0x20000f4c       0x50 CMakeFiles/vectrex_hello.dir/Users/daniel/projects/vectrex-pseudo-python/ide/electron/resources/uvm2-sdk/uvm2_input.c.obj
                0x20000f4c                uvm2_psg_read
 .text.uvm2_clock_calibrate
                0x20000f9c       0x9c CMakeFiles/vectrex_hello.dir/Users/daniel/projects/vectrex-pseudo-python/ide/electron/resources/uvm2-sdk/uvm2_led.c.obj
                0x20000f9c                uvm2_clock_calibrate
 .text.uvm2_led_init
                0x20001038       0x58 CMakeFiles/vectrex_hello.dir/Users/daniel/projects/vectrex-pseudo-python/ide/electron/resources/uvm2-sdk/uvm2_led.c.obj
                0x20001038                uvm2_led_init
 .text.uvm2_led_rgb
                0x20001090       0xa4 CMakeFiles/vectrex_hello.dir/Users/daniel/projects/vectrex-pseudo-python/ide/electron/resources/uvm2-sdk/uvm2_led.c.obj
                0x20001090                uvm2_led_rgb
 .text.uvm2_led_status
                0x20001134       0x4c CMakeFiles/vectrex_hello.dir/Users/daniel/projects/vectrex-pseudo-python/ide/electron/resources/uvm2-sdk/uvm2_led.c.obj
                0x20001134                uvm2_led_status
 .text.uvm2_print_text
                0x20001180      0x104 CMakeFiles/vectrex_hello.dir/Users/daniel/projects/vectrex-pseudo-python/ide/electron/resources/uvm2-sdk/uvm2_text.c.obj
                0x20001180                uvm2_print_text
 .text.uvm2_play_music
                0x20001284       0x3c CMakeFiles/vectrex_hello.dir/Users/daniel/projects/vectrex-pseudo-python/ide/electron/resources/uvm2-sdk/uvm2_audio.c.obj
                0x20001284                uvm2_play_music
 .text.uvm2_stop_music
                0x200012c0       0x40 CMakeFiles/vectrex_hello.dir/Users/daniel/projects/vectrex-pseudo-python/ide/electron/resources/uvm2-sdk/uvm2_audio.c.obj
                0x200012c0                uvm2_stop_music
 .text.uvm2_play_sfx
                0x20001300       0x28 CMakeFiles/vectrex_hello.dir/Users/daniel/projects/vectrex-pseudo-python/ide/electron/resources/uvm2-sdk/uvm2_audio.c.obj
                0x20001300                uvm2_play_sfx
 .text.uvm2_audio_tick
                0x20001328      0x154 CMakeFiles/vectrex_hello.dir/Users/daniel/projects/vectrex-pseudo-python/ide/electron/resources/uvm2-sdk/uvm2_audio.c.obj
                0x20001328                uvm2_audio_tick
 .text.uvm2_runtime_init
                0x2000147c       0x54 CMakeFiles/vectrex_hello.dir/Users/daniel/projects/vectrex-pseudo-python/ide/electron/resources/uvm2-sdk/uvm2_svc.c.obj
                0x2000147c                uvm2_runtime_init
 .text.uvm2_svc_dispatch
                0x200014d0      0x188 CMakeFiles/vectrex_hello.dir/Users/daniel/projects/vectrex-pseudo-python/ide/electron/resources/uvm2-sdk/uvm2_svc.c.obj
                0x200014d0                uvm2_svc_dispatch
 .text.cs1_xfer.constprop.0
                0x20001658       0xfc CMakeFiles/vectrex_hello.dir/Users/daniel/projects/vectrex-pseudo-python/ide/electron/resources/uvm2-sdk/uvm2_psram.c.obj
 .text.cs1_xfer.constprop.1
                0x20001754       0x60 CMakeFiles/vectrex_hello.dir/Users/daniel/projects/vectrex-pseudo-python/ide/electron/resources/uvm2-sdk/uvm2_psram.c.obj
 .text.uvm2_psram_probe
                0x200017b4      0x3b4 CMakeFiles/vectrex_hello.dir/Users/daniel/projects/vectrex-pseudo-python/ide/electron/resources/uvm2-sdk/uvm2_psram.c.obj
                0x200017b4                uvm2_psram_probe
 .text.uvm2_svc_handler
                0x20001b68        0xa CMakeFiles/vectrex_hello.dir/Users/daniel/projects/vectrex-pseudo-python/ide/electron/resources/uvm2-sdk/uvm2_svc_entry.s.obj
                0x20001b68                uvm2_svc_handler
 *fill*         0x20001b72        0x2 
 .text.startup.main
                0x20001b74        0x4 CMakeFiles/vectrex_hello.dir/Users/daniel/projects/vectrex-pseudo-python/ide/electron/resources/uvm2-sdk/uvm2_pico_main.c.obj
                0x20001b74                main
 .text.isr_svcall
                0x20001b78        0x4 CMakeFiles/vectrex_hello.dir/Users/daniel/projects/vectrex-pseudo-python/ide/electron/resources/uvm2-sdk/uvm2_pico_svc.S.obj
                0x20001b78                isr_svcall
 .text.panic    0x20001b7c       0x30 CMakeFiles/vectrex_hello.dir/Users/daniel/projects/vectrex-arcade-private/hardware/uvm2/RP2350_CrazyStones/pico-sdk/src/rp2_common/pico_platform_panic/panic.c.obj
                0x20001b7c                panic
 .text.hw_claim_or_assert
                0x20001bac       0x58 CMakeFiles/vectrex_hello.dir/Users/daniel/projects/vectrex-arcade-private/hardware/uvm2/RP2350_CrazyStones/pico-sdk/src/common/hardware_claim/claim.c.obj
                0x20001bac                hw_claim_or_assert
 .text.next_striped_spin_lock_num
                0x20001c04       0x18 CMakeFiles/vectrex_hello.dir/Users/daniel/projects/vectrex-arcade-private/hardware/uvm2/RP2350_CrazyStones/pico-sdk/src/rp2_common/hardware_sync/sync.c.obj
                0x20001c04                next_striped_spin_lock_num
 .text.spinlock_set_extexclall
                0x20001c1c       0x10 CMakeFiles/vectrex_hello.dir/Users/daniel/projects/vectrex-arcade-private/hardware/uvm2/RP2350_CrazyStones/pico-sdk/src/rp2_common/hardware_sync_spin_lock/sync_spin_lock.c.obj
 .text.spin_locks_reset
                0x20001c2c       0x18 CMakeFiles/vectrex_hello.dir/Users/daniel/projects/vectrex-arcade-private/hardware/uvm2/RP2350_CrazyStones/pico-sdk/src/rp2_common/hardware_sync_spin_lock/sync_spin_lock.c.obj
                0x20001c2c                spin_locks_reset
 .text.runtime_init_per_core_irq_priorities
                0x20001c44       0x40 CMakeFiles/vectrex_hello.dir/Users/daniel/projects/vectrex-arcade-private/hardware/uvm2/RP2350_CrazyStones/pico-sdk/src/rp2_common/hardware_irq/irq.c.obj
                0x20001c44                runtime_init_per_core_irq_priorities
 .text.irq_set_enabled
                0x20001c84       0x2c CMakeFiles/vectrex_hello.dir/Users/daniel/projects/vectrex-arcade-private/hardware/uvm2/RP2350_CrazyStones/pico-sdk/src/rp2_common/hardware_irq/irq.c.obj
                0x20001c84                irq_set_enabled
 .text.irq_set_exclusive_handler
                0x20001cb0       0x70 CMakeFiles/vectrex_hello.dir/Users/daniel/projects/vectrex-arcade-private/hardware/uvm2/RP2350_CrazyStones/pico-sdk/src/rp2_common/hardware_irq/irq.c.obj
                0x20001cb0                irq_set_exclusive_handler
 .text.lock_init
                0x20001d20        0xc CMakeFiles/vectrex_hello.dir/Users/daniel/projects/vectrex-arcade-private/hardware/uvm2/RP2350_CrazyStones/pico-sdk/src/common/pico_sync/lock_core.c.obj
                0x20001d20                lock_init
 .text.runtime_init_mutex
                0x20001d2c       0x4c CMakeFiles/vectrex_hello.dir/Users/daniel/projects/vectrex-arcade-private/hardware/uvm2/RP2350_CrazyStones/pico-sdk/src/common/pico_sync/mutex.c.obj
                0x20001d2c                runtime_init_mutex
 .text.sleep_until_callback
                0x20001d78       0x3c CMakeFiles/vectrex_hello.dir/Users/daniel/projects/vectrex-arcade-private/hardware/uvm2/RP2350_CrazyStones/pico-sdk/src/common/pico_time/time.c.obj
 *fill*         0x20001db4        0x4 
 .text.alarm_pool_irq_handler
                0x20001db8      0x2ec CMakeFiles/vectrex_hello.dir/Users/daniel/projects/vectrex-arcade-private/hardware/uvm2/RP2350_CrazyStones/pico-sdk/src/common/pico_time/time.c.obj
 .text.runtime_init_default_alarm_pool
                0x200020a4      0x104 CMakeFiles/vectrex_hello.dir/Users/daniel/projects/vectrex-arcade-private/hardware/uvm2/RP2350_CrazyStones/pico-sdk/src/common/pico_time/time.c.obj
                0x200020a4                runtime_init_default_alarm_pool
 .text.alarm_pool_add_alarm_at_force_in_context
                0x200021a8       0xcc CMakeFiles/vectrex_hello.dir/Users/daniel/projects/vectrex-arcade-private/hardware/uvm2/RP2350_CrazyStones/pico-sdk/src/common/pico_time/time.c.obj
                0x200021a8                alarm_pool_add_alarm_at_force_in_context
 .text.alarm_pool_cancel_alarm
                0x20002274       0x84 CMakeFiles/vectrex_hello.dir/Users/daniel/projects/vectrex-arcade-private/hardware/uvm2/RP2350_CrazyStones/pico-sdk/src/common/pico_time/time.c.obj
                0x20002274                alarm_pool_cancel_alarm
 .text.best_effort_wfe_or_timeout
                0x200022f8       0xf8 CMakeFiles/vectrex_hello.dir/Users/daniel/projects/vectrex-arcade-private/hardware/uvm2/RP2350_CrazyStones/pico-sdk/src/common/pico_time/time.c.obj
                0x200022f8                best_effort_wfe_or_timeout
 .text.timer_hardware_alarm_claim
                0x200023f0       0x24 CMakeFiles/vectrex_hello.dir/Users/daniel/projects/vectrex-arcade-private/hardware/uvm2/RP2350_CrazyStones/pico-sdk/src/rp2_common/hardware_timer/timer.c.obj
                0x200023f0                timer_hardware_alarm_claim
 .text.timer_time_us_64
                0x20002414       0x10 CMakeFiles/vectrex_hello.dir/Users/daniel/projects/vectrex-arcade-private/hardware/uvm2/RP2350_CrazyStones/pico-sdk/src/rp2_common/hardware_timer/timer.c.obj
                0x20002414                timer_time_us_64
 .text.time_us_64
                0x20002424       0x14 CMakeFiles/vectrex_hello.dir/Users/daniel/projects/vectrex-arcade-private/hardware/uvm2/RP2350_CrazyStones/pico-sdk/src/rp2_common/hardware_timer/timer.c.obj
                0x20002424                time_us_64
 .text.clock_configure_undivided
                0x20002438       0xdc CMakeFiles/vectrex_hello.dir/Users/daniel/projects/vectrex-arcade-private/hardware/uvm2/RP2350_CrazyStones/pico-sdk/src/rp2_common/hardware_clocks/clocks.c.obj
                0x20002438                clock_configure_undivided
 .text.clock_get_hz
                0x20002514        0xc CMakeFiles/vectrex_hello.dir/Users/daniel/projects/vectrex-arcade-private/hardware/uvm2/RP2350_CrazyStones/pico-sdk/src/rp2_common/hardware_clocks/clocks.c.obj
                0x20002514                clock_get_hz
 .text.pll_init
                0x20002520       0x90 CMakeFiles/vectrex_hello.dir/Users/daniel/projects/vectrex-arcade-private/hardware/uvm2/RP2350_CrazyStones/pico-sdk/src/rp2_common/hardware_pll/pll.c.obj
                0x20002520                pll_init
 .text.tick_start
                0x200025b0       0x18 CMakeFiles/vectrex_hello.dir/Users/daniel/projects/vectrex-arcade-private/hardware/uvm2/RP2350_CrazyStones/pico-sdk/src/rp2_common/hardware_ticks/ticks.c.obj
                0x200025b0                tick_start
 .text.rom_func_lookup
                0x200025c8       0x18 CMakeFiles/vectrex_hello.dir/Users/daniel/projects/vectrex-arcade-private/hardware/uvm2/RP2350_CrazyStones/pico-sdk/src/rp2_common/pico_bootrom/bootrom.c.obj
                0x200025c8                rom_func_lookup
 .text.runtime_init_bootrom_locking_enable
                0x200025e0       0x14 CMakeFiles/vectrex_hello.dir/Users/daniel/projects/vectrex-arcade-private/hardware/uvm2/RP2350_CrazyStones/pico-sdk/src/rp2_common/pico_bootrom/bootrom_lock.c.obj
                0x200025e0                runtime_init_bootrom_locking_enable
 .text.runtime_init_boot_locks_reset
                0x200025f4       0x1c CMakeFiles/vectrex_hello.dir/Users/daniel/projects/vectrex-arcade-private/hardware/uvm2/RP2350_CrazyStones/pico-sdk/src/rp2_common/hardware_boot_lock/boot_lock.c.obj
                0x200025f4                runtime_init_boot_locks_reset
 .text.xosc_init
                0x20002610       0x2c CMakeFiles/vectrex_hello.dir/Users/daniel/projects/vectrex-arcade-private/hardware/uvm2/RP2350_CrazyStones/pico-sdk/src/rp2_common/hardware_xosc/xosc.c.obj
                0x20002610                xosc_init
 .text.first_per_core_initializer
                0x2000263c        0x4 CMakeFiles/vectrex_hello.dir/Users/daniel/projects/vectrex-arcade-private/hardware/uvm2/RP2350_CrazyStones/pico-sdk/src/rp2_common/pico_runtime/runtime.c.obj
 .text.hard_assertion_failure
                0x20002640        0xc CMakeFiles/vectrex_hello.dir/Users/daniel/projects/vectrex-arcade-private/hardware/uvm2/RP2350_CrazyStones/pico-sdk/src/rp2_common/pico_runtime/runtime.c.obj
                0x20002640                hard_assertion_failure
 .text.runtime_run_initializers
                0x2000264c       0x20 CMakeFiles/vectrex_hello.dir/Users/daniel/projects/vectrex-arcade-private/hardware/uvm2/RP2350_CrazyStones/pico-sdk/src/rp2_common/pico_runtime/runtime.c.obj
                0x2000264c                runtime_run_initializers
 .text.runtime_init_early_resets
                0x2000266c       0x30 CMakeFiles/vectrex_hello.dir/Users/daniel/projects/vectrex-arcade-private/hardware/uvm2/RP2350_CrazyStones/pico-sdk/src/rp2_common/pico_runtime_init/runtime_init.c.obj
                0x2000266c                runtime_init_early_resets
 .text.runtime_init_usb_power_down
                0x2000269c       0x1c CMakeFiles/vectrex_hello.dir/Users/daniel/projects/vectrex-arcade-private/hardware/uvm2/RP2350_CrazyStones/pico-sdk/src/rp2_common/pico_runtime_init/runtime_init.c.obj
                0x2000269c                runtime_init_usb_power_down
 .text.runtime_init_per_core_enable_coprocessors
                0x200026b8       0x1c CMakeFiles/vectrex_hello.dir/Users/daniel/projects/vectrex-arcade-private/hardware/uvm2/RP2350_CrazyStones/pico-sdk/src/rp2_common/pico_runtime_init/runtime_init.c.obj
                0x200026b8                runtime_init_per_core_enable_coprocessors
 .text.runtime_init_post_clock_resets
                0x200026d4       0x20 CMakeFiles/vectrex_hello.dir/Users/daniel/projects/vectrex-arcade-private/hardware/uvm2/RP2350_CrazyStones/pico-sdk/src/rp2_common/pico_runtime_init/runtime_init.c.obj
                0x200026d4                runtime_init_post_clock_resets
 .text.runtime_init_bootrom_reset
                0x200026f4       0x14 CMakeFiles/vectrex_hello.dir/Users/daniel/projects/vectrex-arcade-private/hardware/uvm2/RP2350_CrazyStones/pico-sdk/src/rp2_common/pico_runtime_init/runtime_init.c.obj
                0x200026f4                runtime_init_bootrom_reset
 .text.runtime_init_per_core_bootrom_reset
                0x20002708       0x14 CMakeFiles/vectrex_hello.dir/Users/daniel/projects/vectrex-arcade-private/hardware/uvm2/RP2350_CrazyStones/pico-sdk/src/rp2_common/pico_runtime_init/runtime_init.c.obj
                0x20002708                runtime_init_per_core_bootrom_reset
 .text.runtime_init_spin_locks_reset
                0x2000271c        0x4 CMakeFiles/vectrex_hello.dir/Users/daniel/projects/vectrex-arcade-private/hardware/uvm2/RP2350_CrazyStones/pico-sdk/src/rp2_common/pico_runtime_init/runtime_init.c.obj
                0x2000271c                runtime_init_spin_locks_reset
 .text.runtime_init_clocks
                0x20002720       0xdc CMakeFiles/vectrex_hello.dir/Users/daniel/projects/vectrex-arcade-private/hardware/uvm2/RP2350_CrazyStones/pico-sdk/src/rp2_common/pico_runtime_init/runtime_init_clocks.c.obj
                0x20002720                runtime_init_clocks
 .text._out_char
                0x200027fc        0x8 CMakeFiles/vectrex_hello.dir/Users/daniel/projects/vectrex-arcade-private/hardware/uvm2/RP2350_CrazyStones/pico-sdk/src/rp2_common/pico_printf/printf.c.obj
 .text.weak_raw_vprintf
                0x20002804       0x30 CMakeFiles/vectrex_hello.dir/Users/daniel/projects/vectrex-arcade-private/hardware/uvm2/RP2350_CrazyStones/pico-sdk/src/rp2_common/pico_printf/printf.c.obj
                0x20002804                weak_raw_vprintf
 .text._exit    0x20002834        0x4 CMakeFiles/vectrex_hello.dir/Users/daniel/projects/vectrex-arcade-private/hardware/uvm2/RP2350_CrazyStones/pico-sdk/src/rp2_common/pico_clib_interface/newlib_interface.c.obj
                0x20002834                _exit
 .text.exit     0x20002838        0x8 CMakeFiles/vectrex_hello.dir/Users/daniel/projects/vectrex-arcade-private/hardware/uvm2/RP2350_CrazyStones/pico-sdk/src/rp2_common/pico_clib_interface/newlib_interface.c.obj
                0x20002838                exit
 .text.runtime_init
                0x20002840       0x24 CMakeFiles/vectrex_hello.dir/Users/daniel/projects/vectrex-arcade-private/hardware/uvm2/RP2350_CrazyStones/pico-sdk/src/rp2_common/pico_clib_interface/newlib_interface.c.obj
                0x20002840                runtime_init
 .text.stdio_out_chars_no_crlf
                0x20002864        0x8 CMakeFiles/vectrex_hello.dir/Users/daniel/projects/vectrex-arcade-private/hardware/uvm2/RP2350_CrazyStones/pico-sdk/src/rp2_common/pico_stdio/stdio.c.obj
 .text.stdio_out_chars_crlf
                0x2000286c       0xc0 CMakeFiles/vectrex_hello.dir/Users/daniel/projects/vectrex-arcade-private/hardware/uvm2/RP2350_CrazyStones/pico-sdk/src/rp2_common/pico_stdio/stdio.c.obj
 .text.stdio_put_string
                0x2000292c       0xec CMakeFiles/vectrex_hello.dir/Users/daniel/projects/vectrex-arcade-private/hardware/uvm2/RP2350_CrazyStones/pico-sdk/src/rp2_common/pico_stdio/stdio.c.obj
                0x2000292c                stdio_put_string
 .text.__wrap_putchar
                0x20002a18       0x84 CMakeFiles/vectrex_hello.dir/Users/daniel/projects/vectrex-arcade-private/hardware/uvm2/RP2350_CrazyStones/pico-sdk/src/rp2_common/pico_stdio/stdio.c.obj
                0x20002a18                stdio_putchar
                0x20002a18                __wrap_putchar
 .text.__wrap_puts
                0x20002a9c       0x3c CMakeFiles/vectrex_hello.dir/Users/daniel/projects/vectrex-arcade-private/hardware/uvm2/RP2350_CrazyStones/pico-sdk/src/rp2_common/pico_stdio/stdio.c.obj
                0x20002a9c                __wrap_puts
                0x20002a9c                stdio_puts
 .text.strlen   0x20002ad8       0x5c /Applications/ArmGNUToolchain/15.2.rel1/arm-none-eabi/bin/../lib/gcc/arm-none-eabi/15.2.1/../../../../arm-none-eabi/lib/thumb/v8-m.main+fp/softfp/libg.a(libc_a-strlen-stub.o)
                0x20002ad8                strlen
                0x20002b34                        . = ALIGN (0x4)
 *(.init)
 *(.fini)
 *crtbegin.o(.ctors)
 *crtbegin?.o(.ctors)
 *(EXCLUDE_FILE(*crtend.o *crtend?.o) .ctors)
 *(SORT_BY_NAME(.ctors.*))
 *(.ctors)
 *crtbegin.o(.dtors)
 *crtbegin?.o(.dtors)
 *(EXCLUDE_FILE(*crtend.o *crtend?.o) .dtors)
 *(SORT_BY_NAME(.dtors.*))
 *(.dtors)
 *(.eh_frame*)

.glue_7         0x20002b34        0x0
 .glue_7        0x20002b34        0x0 linker stubs

.glue_7t        0x20002b34        0x0
 .glue_7t       0x20002b34        0x0 linker stubs

.vfp11_veneer   0x20002b34        0x0
 .vfp11_veneer  0x20002b34        0x0 linker stubs

.v4_bx          0x20002b34        0x0
 .v4_bx         0x20002b34        0x0 linker stubs

.game_rom       0x20002b34      0x190
 .game_rom      0x20002b34      0x190 CMakeFiles/vectrex_hello.dir/Users/daniel/projects/vectrex-pseudo-python/examples/vectrex_hello/build/vectrex_hello.S.obj
                0x20002b34                game_header
                0x20002b44                bus_write
                0x20002b48                bus_read
                0x20002b4c                dv_reset
                0x20002b50                dv_move_to
                0x20002b94                dv_draw_delta
                0x20002b98                vpy_wait_recal
                0x20002b9c                vpy_set_intensity
                0x20002ba0                vpy_print_text
                0x20002bcc                vpy_set_text_size
                0x20002be8                uvm2_game_main
                0x20002be8                game_main

.iplt           0x20002cc4        0x0
 .iplt          0x20002cc4        0x0 CMakeFiles/vectrex_hello.dir/Users/daniel/projects/vectrex-pseudo-python/examples/vectrex_hello/build/vectrex_hello.S.obj

.rodata         0x20002cc4      0x418
                0x20002cc4                        . = ALIGN (0x4)
 *(.rodata*)
 .rodata.uvm2_font_length
                0x20002cc4       0x3b CMakeFiles/vectrex_hello.dir/Users/daniel/projects/vectrex-pseudo-python/ide/electron/resources/uvm2-sdk/uvm2_text.c.obj
 *fill*         0x20002cff        0x1 
 .rodata.uvm2_font_offset
                0x20002d00       0x76 CMakeFiles/vectrex_hello.dir/Users/daniel/projects/vectrex-pseudo-python/ide/electron/resources/uvm2-sdk/uvm2_text.c.obj
 *fill*         0x20002d76        0x2 
 .rodata.uvm2_font_data
                0x20002d78      0x2be CMakeFiles/vectrex_hello.dir/Users/daniel/projects/vectrex-pseudo-python/ide/electron/resources/uvm2-sdk/uvm2_text.c.obj
 *fill*         0x20003036        0x2 
 .rodata.divs.0
                0x20003038        0x4 CMakeFiles/vectrex_hello.dir/Users/daniel/projects/vectrex-pseudo-python/ide/electron/resources/uvm2-sdk/uvm2_psram.c.obj
 .rodata.panic.str1.4
                0x2000303c       0x84 CMakeFiles/vectrex_hello.dir/Users/daniel/projects/vectrex-arcade-private/hardware/uvm2/RP2350_CrazyStones/pico-sdk/src/rp2_common/pico_platform_panic/panic.c.obj
                                 0x12 (size before relaxing)
 .rodata.timer_hardware_alarm_claim.str1.4
                0x200030c0        0x0 CMakeFiles/vectrex_hello.dir/Users/daniel/projects/vectrex-arcade-private/hardware/uvm2/RP2350_CrazyStones/pico-sdk/src/rp2_common/hardware_timer/timer.c.obj
                                 0x22 (size before relaxing)
 .rodata.hard_assertion_failure.str1.4
                0x200030c0        0x0 CMakeFiles/vectrex_hello.dir/Users/daniel/projects/vectrex-arcade-private/hardware/uvm2/RP2350_CrazyStones/pico-sdk/src/rp2_common/pico_runtime/runtime.c.obj
                                  0xc (size before relaxing)
 .rodata.str1.4
                0x200030c0        0x0 CMakeFiles/vectrex_hello.dir/Users/daniel/projects/vectrex-arcade-private/hardware/uvm2/RP2350_CrazyStones/pico-sdk/src/rp2_common/pico_standard_binary_info/standard_binary_info.c.obj
                                 0x40 (size before relaxing)
 .rodata.__bi_84
                0x200030c0        0xc CMakeFiles/vectrex_hello.dir/Users/daniel/projects/vectrex-arcade-private/hardware/uvm2/RP2350_CrazyStones/pico-sdk/src/rp2_common/pico_standard_binary_info/standard_binary_info.c.obj
 .rodata.__bi_48
                0x200030cc        0xc CMakeFiles/vectrex_hello.dir/Users/daniel/projects/vectrex-arcade-private/hardware/uvm2/RP2350_CrazyStones/pico-sdk/src/rp2_common/pico_standard_binary_info/standard_binary_info.c.obj
 .rodata.crlf_str.0
                0x200030d8        0x2 CMakeFiles/vectrex_hello.dir/Users/daniel/projects/vectrex-arcade-private/hardware/uvm2/RP2350_CrazyStones/pico-sdk/src/rp2_common/pico_stdio/stdio.c.obj
 *(.srodata*)
                0x200030dc                        . = ALIGN (0x4)
 *fill*         0x200030da        0x2 
 *(SORT_BY_ALIGNMENT(SORT_BY_NAME(.flashdata*)))
                0x200030dc                        . = ALIGN (0x4)

.ARM.extab
 *(.ARM.extab* .gnu.linkonce.armextab.*)
                0x200030dc                        __exidx_start = .

.ARM.exidx
 *(.ARM.exidx* .gnu.linkonce.armexidx.*)
                0x200030dc                        __exidx_end = .
                0x200030dc                        . = ALIGN (0x4)
                0x200030dc                        __binary_info_start = .

.binary_info    0x200030dc       0x14
 *(.binary_info.keep.*)
 .binary_info.keep.__bi_ptr84
                0x200030dc        0x4 CMakeFiles/vectrex_hello.dir/Users/daniel/projects/vectrex-arcade-private/hardware/uvm2/RP2350_CrazyStones/pico-sdk/src/rp2_common/pico_standard_binary_info/standard_binary_info.c.obj
 .binary_info.keep.__bi_ptr54
                0x200030e0        0x4 CMakeFiles/vectrex_hello.dir/Users/daniel/projects/vectrex-arcade-private/hardware/uvm2/RP2350_CrazyStones/pico-sdk/src/rp2_common/pico_standard_binary_info/standard_binary_info.c.obj
 .binary_info.keep.__bi_ptr48
                0x200030e4        0x4 CMakeFiles/vectrex_hello.dir/Users/daniel/projects/vectrex-arcade-private/hardware/uvm2/RP2350_CrazyStones/pico-sdk/src/rp2_common/pico_standard_binary_info/standard_binary_info.c.obj
 .binary_info.keep.__bi_ptr42
                0x200030e8        0x4 CMakeFiles/vectrex_hello.dir/Users/daniel/projects/vectrex-arcade-private/hardware/uvm2/RP2350_CrazyStones/pico-sdk/src/rp2_common/pico_standard_binary_info/standard_binary_info.c.obj
 .binary_info.keep.__bi_ptr34
                0x200030ec        0x4 CMakeFiles/vectrex_hello.dir/Users/daniel/projects/vectrex-arcade-private/hardware/uvm2/RP2350_CrazyStones/pico-sdk/src/rp2_common/pico_standard_binary_info/standard_binary_info.c.obj
 *(.binary_info.*)
                0x200030f0                        __binary_info_end = .
                0x200030f0                        . = ALIGN (0x4)

.data           0x200030f0       0x78
                0x200030f0                        __data_start__ = .
 *(vtable)
 *(.data*)
 .data.s_scale  0x200030f0        0x4 CMakeFiles/vectrex_hello.dir/Users/daniel/projects/vectrex-pseudo-python/ide/electron/resources/uvm2-sdk/uvm2_draw.c.obj
 .data.s_pcr    0x200030f4        0x1 CMakeFiles/vectrex_hello.dir/Users/daniel/projects/vectrex-pseudo-python/ide/electron/resources/uvm2-sdk/uvm2_draw.c.obj
 .data.s_portb  0x200030f5        0x1 CMakeFiles/vectrex_hello.dir/Users/daniel/projects/vectrex-pseudo-python/ide/electron/resources/uvm2-sdk/uvm2_draw.c.obj
 *fill*         0x200030f6        0x2 
 .data.s_porta_stale
                0x200030f8        0x4 CMakeFiles/vectrex_hello.dir/Users/daniel/projects/vectrex-pseudo-python/ide/electron/resources/uvm2-sdk/uvm2_draw.c.obj
 .data.s_cyc_per_us
                0x200030fc        0x4 CMakeFiles/vectrex_hello.dir/Users/daniel/projects/vectrex-pseudo-python/ide/electron/resources/uvm2-sdk/uvm2_led.c.obj
 .data.s_psg_mixer
                0x20003100        0x1 CMakeFiles/vectrex_hello.dir/Users/daniel/projects/vectrex-pseudo-python/ide/electron/resources/uvm2-sdk/uvm2_audio.c.obj
 .data.striped_spin_lock_num
                0x20003101        0x1 CMakeFiles/vectrex_hello.dir/Users/daniel/projects/vectrex-arcade-private/hardware/uvm2/RP2350_CrazyStones/pico-sdk/src/rp2_common/hardware_sync/sync.c.obj
 *fill*         0x20003102        0x2 
 .data.default_alarm_pool
                0x20003104       0x18 CMakeFiles/vectrex_hello.dir/Users/daniel/projects/vectrex-arcade-private/hardware/uvm2/RP2350_CrazyStones/pico-sdk/src/common/pico_time/time.c.obj
 *(.sdata*)
                0x2000311c                        . = ALIGN (0x4)
 *(.after_data.*)
                0x2000311c                        . = ALIGN (0x4)
                0x2000311c                        PROVIDE (__mutex_array_start = .)
 *(SORT_BY_NAME(.mutex_array.*))
 *(.mutex_array)
 .mutex_array   0x2000311c        0x8 CMakeFiles/vectrex_hello.dir/Users/daniel/projects/vectrex-arcade-private/hardware/uvm2/RP2350_CrazyStones/pico-sdk/src/rp2_common/pico_malloc/malloc.c.obj
 .mutex_array   0x20003124        0x8 CMakeFiles/vectrex_hello.dir/Users/daniel/projects/vectrex-arcade-private/hardware/uvm2/RP2350_CrazyStones/pico-sdk/src/rp2_common/pico_stdio/stdio.c.obj
                0x2000312c                        PROVIDE (__mutex_array_end = .)
                0x2000312c                        . = ALIGN (0x4)
                0x2000312c                        PROVIDE (__preinit_array_start = .)
 *(SORT_BY_NAME(.preinit_array.*))
 .preinit_array.00050
                0x2000312c        0x4 CMakeFiles/vectrex_hello.dir/Users/daniel/projects/vectrex-arcade-private/hardware/uvm2/RP2350_CrazyStones/pico-sdk/src/rp2_common/pico_runtime_init/runtime_init.c.obj
                0x2000312c                __pre_init_runtime_init_bootrom_reset
 .preinit_array.00100
                0x20003130        0x4 CMakeFiles/vectrex_hello.dir/Users/daniel/projects/vectrex-arcade-private/hardware/uvm2/RP2350_CrazyStones/pico-sdk/src/rp2_common/pico_runtime_init/runtime_init.c.obj
                0x20003130                __pre_init_runtime_init_early_resets
 .preinit_array.00101
                0x20003134        0x4 CMakeFiles/vectrex_hello.dir/Users/daniel/projects/vectrex-arcade-private/hardware/uvm2/RP2350_CrazyStones/pico-sdk/src/rp2_common/pico_runtime_init/runtime_init.c.obj
                0x20003134                __pre_init_runtime_init_usb_power_down
 .preinit_array.00500
                0x20003138        0x4 CMakeFiles/vectrex_hello.dir/Users/daniel/projects/vectrex-arcade-private/hardware/uvm2/RP2350_CrazyStones/pico-sdk/src/rp2_common/pico_runtime_init/runtime_init.c.obj
                0x20003138                __pre_init_runtime_init_clocks
 .preinit_array.00600
                0x2000313c        0x4 CMakeFiles/vectrex_hello.dir/Users/daniel/projects/vectrex-arcade-private/hardware/uvm2/RP2350_CrazyStones/pico-sdk/src/rp2_common/pico_runtime_init/runtime_init.c.obj
                0x2000313c                __pre_init_runtime_init_post_clock_resets
 .preinit_array.01000
                0x20003140        0x4 CMakeFiles/vectrex_hello.dir/Users/daniel/projects/vectrex-arcade-private/hardware/uvm2/RP2350_CrazyStones/pico-sdk/src/rp2_common/hardware_boot_lock/boot_lock.c.obj
                0x20003140                __pre_init_runtime_init_boot_locks_reset
 .preinit_array.01000
                0x20003144        0x4 CMakeFiles/vectrex_hello.dir/Users/daniel/projects/vectrex-arcade-private/hardware/uvm2/RP2350_CrazyStones/pico-sdk/src/rp2_common/pico_runtime_init/runtime_init.c.obj
                0x20003144                __pre_init_runtime_init_spin_locks_reset
 .preinit_array.01010
                0x20003148        0x4 CMakeFiles/vectrex_hello.dir/Users/daniel/projects/vectrex-arcade-private/hardware/uvm2/RP2350_CrazyStones/pico-sdk/src/rp2_common/pico_bootrom/bootrom_lock.c.obj
                0x20003148                __pre_init_runtime_init_bootrom_locking_enable
 .preinit_array.01100
                0x2000314c        0x4 CMakeFiles/vectrex_hello.dir/Users/daniel/projects/vectrex-arcade-private/hardware/uvm2/RP2350_CrazyStones/pico-sdk/src/common/pico_sync/mutex.c.obj
                0x2000314c                __pre_init_runtime_init_mutex
 .preinit_array.11000
                0x20003150        0x4 CMakeFiles/vectrex_hello.dir/Users/daniel/projects/vectrex-arcade-private/hardware/uvm2/RP2350_CrazyStones/pico-sdk/src/common/pico_time/time.c.obj
                0x20003150                __pre_init_runtime_init_default_alarm_pool
 .preinit_array.YYYYY
                0x20003154        0x4 CMakeFiles/vectrex_hello.dir/Users/daniel/projects/vectrex-arcade-private/hardware/uvm2/RP2350_CrazyStones/pico-sdk/src/rp2_common/pico_runtime/runtime.c.obj
                0x20003154                __pre_init_first_per_core_initializer
 .preinit_array.ZZZZZ.00051
                0x20003158        0x4 CMakeFiles/vectrex_hello.dir/Users/daniel/projects/vectrex-arcade-private/hardware/uvm2/RP2350_CrazyStones/pico-sdk/src/rp2_common/pico_runtime_init/runtime_init.c.obj
                0x20003158                __pre_init_runtime_init_per_core_bootrom_reset
 .preinit_array.ZZZZZ.00200
                0x2000315c        0x4 CMakeFiles/vectrex_hello.dir/Users/daniel/projects/vectrex-arcade-private/hardware/uvm2/RP2350_CrazyStones/pico-sdk/src/rp2_common/pico_runtime_init/runtime_init.c.obj
                0x2000315c                __pre_init_runtime_init_per_core_enable_coprocessors
 .preinit_array.ZZZZZ.01000
                0x20003160        0x4 CMakeFiles/vectrex_hello.dir/Users/daniel/projects/vectrex-arcade-private/hardware/uvm2/RP2350_CrazyStones/pico-sdk/src/rp2_common/hardware_sync_spin_lock/sync_spin_lock.c.obj
                0x20003160                __pre_init_spinlock_set_extexclall
 .preinit_array.ZZZZZ.01200
                0x20003164        0x4 CMakeFiles/vectrex_hello.dir/Users/daniel/projects/vectrex-arcade-private/hardware/uvm2/RP2350_CrazyStones/pico-sdk/src/rp2_common/hardware_irq/irq.c.obj
                0x20003164                __pre_init_runtime_init_per_core_irq_priorities
 *(.preinit_array)
                0x20003168                        PROVIDE (__preinit_array_end = .)
                0x20003168                        . = ALIGN (0x4)
                0x20003168                        PROVIDE (__init_array_start = .)
 *(SORT_BY_NAME(.init_array.*))
 *(.init_array)
                0x20003168                        PROVIDE (__init_array_end = .)
                0x20003168                        . = ALIGN (0x4)
                [!provide]                        PROVIDE (__fini_array_start = .)
 *(SORT_BY_NAME(.fini_array.*))
 *(.fini_array)
                [!provide]                        PROVIDE (__fini_array_end = .)
 *(.jcr)
                0x20003168                        . = ALIGN (0x4)

.igot.plt       0x20003168        0x0
 .igot.plt      0x20003168        0x0 CMakeFiles/vectrex_hello.dir/Users/daniel/projects/vectrex-pseudo-python/examples/vectrex_hello/build/vectrex_hello.S.obj

.tdata          0x20003168        0x0
                0x20003168                        . = ALIGN (0x4)
 *(.tdata .tdata.* .gnu.linkonce.td.*)
                0x20003168                        __tdata_end = .
                0x20003168                        PROVIDE (__data_end__ = .)

.uninitialized_data
                0x20003168        0x0
                0x20003168                        . = ALIGN (0x4)
 *(.uninitialized_data*)
                0x200030f0                        __etext = LOADADDR (.data)

.tbss           0x20003168        0x0
                0x20003168                        . = ALIGN (0x4)
                0x20003168                        __bss_start__ = .
                0x20003168                        __tls_base = .
 *(.tbss .tbss.* .gnu.linkonce.tb.*)
 *(.tcommon)
                0x20003168                        __tls_end = .

.bss            0x20003168     0x82f4
                0x20003168                        . = ALIGN (0x4)
                0x20003168                        __tbss_end = .
 *(SORT_BY_ALIGNMENT(SORT_BY_NAME(.bss*)))
 .bss.default_alarm_pool_entries
                0x20003168      0x180 CMakeFiles/vectrex_hello.dir/Users/daniel/projects/vectrex-arcade-private/hardware/uvm2/RP2350_CrazyStones/pico-sdk/src/common/pico_time/time.c.obj
 .bss._sw_spin_locks
                0x200032e8       0x20 CMakeFiles/vectrex_hello.dir/Users/daniel/projects/vectrex-arcade-private/hardware/uvm2/RP2350_CrazyStones/pico-sdk/src/rp2_common/hardware_sync_spin_lock/sync_spin_lock.c.obj
                0x200032e8                _sw_spin_locks
 .bss.claimed   0x20003308        0x2 CMakeFiles/vectrex_hello.dir/Users/daniel/projects/vectrex-arcade-private/hardware/uvm2/RP2350_CrazyStones/pico-sdk/src/rp2_common/hardware_timer/timer.c.obj
 *fill*         0x2000330a        0x2 
 .bss.configured_freq
                0x2000330c       0x28 CMakeFiles/vectrex_hello.dir/Users/daniel/projects/vectrex-arcade-private/hardware/uvm2/RP2350_CrazyStones/pico-sdk/src/rp2_common/hardware_clocks/clocks.c.obj
 .bss.drivers   0x20003334        0x4 CMakeFiles/vectrex_hello.dir/Users/daniel/projects/vectrex-arcade-private/hardware/uvm2/RP2350_CrazyStones/pico-sdk/src/rp2_common/pico_stdio/stdio.c.obj
 .bss.filter    0x20003338        0x4 CMakeFiles/vectrex_hello.dir/Users/daniel/projects/vectrex-arcade-private/hardware/uvm2/RP2350_CrazyStones/pico-sdk/src/rp2_common/pico_stdio/stdio.c.obj
 .bss.lazy_vsnprintf
                0x2000333c        0x4 CMakeFiles/vectrex_hello.dir/Users/daniel/projects/vectrex-arcade-private/hardware/uvm2/RP2350_CrazyStones/pico-sdk/src/rp2_common/pico_printf/printf.c.obj
 .bss.pools     0x20003340       0x20 CMakeFiles/vectrex_hello.dir/Users/daniel/projects/vectrex-arcade-private/hardware/uvm2/RP2350_CrazyStones/pico-sdk/src/common/pico_time/time.c.obj
 .bss.s_analog  0x20003360        0x4 CMakeFiles/vectrex_hello.dir/Users/daniel/projects/vectrex-pseudo-python/ide/electron/resources/uvm2-sdk/uvm2_input.c.obj
 .bss.s_audio_acc
                0x20003364        0x4 CMakeFiles/vectrex_hello.dir/Users/daniel/projects/vectrex-pseudo-python/ide/electron/resources/uvm2-sdk/uvm2_svc.c.obj
 .bss.s_axes    0x20003368        0x4 CMakeFiles/vectrex_hello.dir/Users/daniel/projects/vectrex-pseudo-python/ide/electron/resources/uvm2-sdk/uvm2_svc.c.obj
 .bss.s_cmds    0x2000336c     0x8000 CMakeFiles/vectrex_hello.dir/Users/daniel/projects/vectrex-pseudo-python/ide/electron/resources/uvm2-sdk/uvm2_draw.c.obj
 .bss.s_count   0x2000b36c        0x4 CMakeFiles/vectrex_hello.dir/Users/daniel/projects/vectrex-pseudo-python/ide/electron/resources/uvm2-sdk/uvm2_draw.c.obj
 .bss.s_fixup   0x2000b370        0x4 CMakeFiles/vectrex_hello.dir/Users/daniel/projects/vectrex-pseudo-python/ide/electron/resources/uvm2-sdk/uvm2_draw.c.obj
 .bss.s_frame_cycles
                0x2000b374        0x4 CMakeFiles/vectrex_hello.dir/Users/daniel/projects/vectrex-pseudo-python/ide/electron/resources/uvm2-sdk/uvm2_draw.c.obj
 .bss.s_frames  0x2000b378        0x4 CMakeFiles/vectrex_hello.dir/Users/daniel/projects/vectrex-pseudo-python/ide/electron/resources/uvm2-sdk/uvm2_draw.c.obj
 .bss.s_mus_base
                0x2000b37c        0x4 CMakeFiles/vectrex_hello.dir/Users/daniel/projects/vectrex-pseudo-python/ide/electron/resources/uvm2-sdk/uvm2_audio.c.obj
 .bss.s_mus_delay
                0x2000b380        0x4 CMakeFiles/vectrex_hello.dir/Users/daniel/projects/vectrex-pseudo-python/ide/electron/resources/uvm2-sdk/uvm2_audio.c.obj
 .bss.s_mus_playing
                0x2000b384        0x4 CMakeFiles/vectrex_hello.dir/Users/daniel/projects/vectrex-pseudo-python/ide/electron/resources/uvm2-sdk/uvm2_audio.c.obj
 .bss.s_mus_primed
                0x2000b388        0x4 CMakeFiles/vectrex_hello.dir/Users/daniel/projects/vectrex-pseudo-python/ide/electron/resources/uvm2-sdk/uvm2_audio.c.obj
 .bss.s_mus_ptr
                0x2000b38c        0x4 CMakeFiles/vectrex_hello.dir/Users/daniel/projects/vectrex-pseudo-python/ide/electron/resources/uvm2-sdk/uvm2_audio.c.obj
 .bss.s_pos_x   0x2000b390        0x4 CMakeFiles/vectrex_hello.dir/Users/daniel/projects/vectrex-pseudo-python/ide/electron/resources/uvm2-sdk/uvm2_draw.c.obj
 .bss.s_pos_y   0x2000b394        0x4 CMakeFiles/vectrex_hello.dir/Users/daniel/projects/vectrex-pseudo-python/ide/electron/resources/uvm2-sdk/uvm2_draw.c.obj
 .bss.s_ready   0x2000b398        0x4 CMakeFiles/vectrex_hello.dir/Users/daniel/projects/vectrex-pseudo-python/ide/electron/resources/uvm2-sdk/uvm2_led.c.obj
 .bss.s_sfx_active
                0x2000b39c        0x4 CMakeFiles/vectrex_hello.dir/Users/daniel/projects/vectrex-pseudo-python/ide/electron/resources/uvm2-sdk/uvm2_audio.c.obj
 .bss.s_sfx_delay
                0x2000b3a0        0x4 CMakeFiles/vectrex_hello.dir/Users/daniel/projects/vectrex-pseudo-python/ide/electron/resources/uvm2-sdk/uvm2_audio.c.obj
 .bss.s_sfx_ptr
                0x2000b3a4        0x4 CMakeFiles/vectrex_hello.dir/Users/daniel/projects/vectrex-pseudo-python/ide/electron/resources/uvm2-sdk/uvm2_audio.c.obj
 .bss.s_y       0x2000b3a8        0x4 CMakeFiles/vectrex_hello.dir/Users/daniel/projects/vectrex-pseudo-python/ide/electron/resources/uvm2-sdk/uvm2_draw.c.obj
 .bss.s_z       0x2000b3ac        0x4 CMakeFiles/vectrex_hello.dir/Users/daniel/projects/vectrex-pseudo-python/ide/electron/resources/uvm2-sdk/uvm2_draw.c.obj
 .bss.s_z_last  0x2000b3b0        0x4 CMakeFiles/vectrex_hello.dir/Users/daniel/projects/vectrex-pseudo-python/ide/electron/resources/uvm2-sdk/uvm2_draw.c.obj
 .bss.sleep_notifier
                0x2000b3b4        0x4 CMakeFiles/vectrex_hello.dir/Users/daniel/projects/vectrex-arcade-private/hardware/uvm2/RP2350_CrazyStones/pico-sdk/src/common/pico_time/time.c.obj
 .bss.uvm2_psram_result
                0x2000b3b8       0x78 CMakeFiles/vectrex_hello.dir/Users/daniel/projects/vectrex-pseudo-python/ide/electron/resources/uvm2-sdk/uvm2_psram.c.obj
                0x2000b3b8                uvm2_psram_result
 .bss.uvm2_single_cycles
                0x2000b430        0x4 CMakeFiles/vectrex_hello.dir/Users/daniel/projects/vectrex-pseudo-python/ide/electron/resources/uvm2-sdk/uvm2_bus.c.obj
                0x2000b430                uvm2_single_cycles
 .bss.uvm2_stats
                0x2000b434       0x24 CMakeFiles/vectrex_hello.dir/Users/daniel/projects/vectrex-pseudo-python/ide/electron/resources/uvm2-sdk/uvm2_bus.c.obj
                0x2000b434                uvm2_stats
 .bss.s_buttons
                0x2000b458        0x1 CMakeFiles/vectrex_hello.dir/Users/daniel/projects/vectrex-pseudo-python/ide/electron/resources/uvm2-sdk/uvm2_svc.c.obj
 .bss.s_porta   0x2000b459        0x1 CMakeFiles/vectrex_hello.dir/Users/daniel/projects/vectrex-pseudo-python/ide/electron/resources/uvm2-sdk/uvm2_draw.c.obj
 *(COMMON)
                [!provide]                        PROVIDE (__global_pointer$ = (. + 0x800))
 *(.sbss*)
                0x2000b45c                        . = ALIGN (0x4)
 *fill*         0x2000b45a        0x2 
                0x2000b45c                        __bss_end__ = .

.heap           0x2000b45c      0x800
                0x2000b45c                        __end__ = .
                0x2000b45c                        end = __end__
 *(.heap*)
 .heap          0x2000b45c      0x800 CMakeFiles/vectrex_hello.dir/Users/daniel/projects/vectrex-arcade-private/hardware/uvm2/RP2350_CrazyStones/pico-sdk/src/rp2_common/pico_crt0/crt0.S.obj
                0x20080000                        __HeapLimit = (ORIGIN (RAM) + LENGTH (RAM))

.scratch_x      0x20080000        0x0
                0x20080000                        __scratch_x_start__ = .
 *(.scratch_x.*)
                0x20080000                        . = ALIGN (0x4)
                0x20080000                        __scratch_x_end__ = .
                0x20080000                        __scratch_x_source__ = LOADADDR (.scratch_x)

.scratch_y      0x20081000        0x0
                0x20081000                        __scratch_y_start__ = .
 *(.scratch_y.*)
                0x20081000                        . = ALIGN (0x4)
                0x20081000                        __scratch_y_end__ = .
                0x20081000                        __scratch_y_source__ = LOADADDR (.scratch_y)

.stack1_dummy   0x20080000      0x800
 *(.stack1*)
 .stack1        0x20080000      0x800 CMakeFiles/vectrex_hello.dir/Users/daniel/projects/vectrex-arcade-private/hardware/uvm2/RP2350_CrazyStones/pico-sdk/src/rp2_common/pico_multicore/multicore.c.obj

.stack_dummy    0x20081000      0x800
 *(.stack*)
 .stack         0x20081000      0x800 CMakeFiles/vectrex_hello.dir/Users/daniel/projects/vectrex-arcade-private/hardware/uvm2/RP2350_CrazyStones/pico-sdk/src/rp2_common/pico_crt0/crt0.S.obj
                0x20080000                        __StackLimit = (ORIGIN (RAM) + LENGTH (RAM))
                0x20081000                        __StackOneTop = (ORIGIN (SCRATCH_X) + LENGTH (SCRATCH_X))
                0x20082000                        __StackTop = (ORIGIN (SCRATCH_Y) + LENGTH (SCRATCH_Y))
                0x20080800                        __StackOneBottom = (__StackOneTop - SIZEOF (.stack1_dummy))
                0x20081800                        __StackBottom = (__StackTop - SIZEOF (.stack_dummy))
                [!provide]                        PROVIDE (__stack = __StackTop)
                [!provide]                        PROVIDE (__heap_start = __end__)
                [!provide]                        PROVIDE (__heap_end = __HeapLimit)
                [!provide]                        PROVIDE (__tls_align = MAX (ALIGNOF (.tdata), ALIGNOF (.tbss)))
                [!provide]                        PROVIDE (__tls_size_align = (((__tls_size + __tls_align) - 0x1) & ~ ((__tls_align - 0x1))))
                [!provide]                        PROVIDE (__arm32_tls_tcb_offset = MAX (0x8, __tls_align))
                [!provide]                        PROVIDE (_end = __end__)
                [!provide]                        PROVIDE (__llvm_libc_heap_limit = __HeapLimit)
                0x00000001                        ASSERT ((__StackLimit >= __HeapLimit), region RAM overflowed)
                0x00000001                        ASSERT (((__binary_info_header_end - __logical_binary_start) <= 0x400), Binary info must be in first 1024 bytes of the binary)
                0x00000001                        ASSERT (((__embedded_block_end - __logical_binary_start) <= 0x1000), Embedded block must be in first 4096 bytes of the binary)
LOAD CMakeFiles/vectrex_hello.dir/Users/daniel/projects/vectrex-pseudo-python/examples/vectrex_hello/build/vectrex_hello.S.obj
LOAD CMakeFiles/vectrex_hello.dir/Users/daniel/projects/vectrex-pseudo-python/ide/electron/resources/uvm2-sdk/uvm2_bus.c.obj
LOAD CMakeFiles/vectrex_hello.dir/Users/daniel/projects/vectrex-pseudo-python/ide/electron/resources/uvm2-sdk/uvm2_draw.c.obj
LOAD CMakeFiles/vectrex_hello.dir/Users/daniel/projects/vectrex-pseudo-python/ide/electron/resources/uvm2-sdk/uvm2_input.c.obj
LOAD CMakeFiles/vectrex_hello.dir/Users/daniel/projects/vectrex-pseudo-python/ide/electron/resources/uvm2-sdk/uvm2_led.c.obj
LOAD CMakeFiles/vectrex_hello.dir/Users/daniel/projects/vectrex-pseudo-python/ide/electron/resources/uvm2-sdk/uvm2_text.c.obj
LOAD CMakeFiles/vectrex_hello.dir/Users/daniel/projects/vectrex-pseudo-python/ide/electron/resources/uvm2-sdk/uvm2_audio.c.obj
LOAD CMakeFiles/vectrex_hello.dir/Users/daniel/projects/vectrex-pseudo-python/ide/electron/resources/uvm2-sdk/uvm2_svc.c.obj
LOAD CMakeFiles/vectrex_hello.dir/Users/daniel/projects/vectrex-pseudo-python/ide/electron/resources/uvm2-sdk/uvm2_core1.c.obj
LOAD CMakeFiles/vectrex_hello.dir/Users/daniel/projects/vectrex-pseudo-python/ide/electron/resources/uvm2-sdk/uvm2_psram.c.obj
LOAD CMakeFiles/vectrex_hello.dir/Users/daniel/projects/vectrex-pseudo-python/ide/electron/resources/uvm2-sdk/uvm2_svc_entry.s.obj
LOAD CMakeFiles/vectrex_hello.dir/Users/daniel/projects/vectrex-pseudo-python/ide/electron/resources/uvm2-sdk/uvm2_pico_main.c.obj
LOAD CMakeFiles/vectrex_hello.dir/Users/daniel/projects/vectrex-pseudo-python/ide/electron/resources/uvm2-sdk/uvm2_pico_svc.S.obj
LOAD CMakeFiles/vectrex_hello.dir/Users/daniel/projects/vectrex-arcade-private/hardware/uvm2/RP2350_CrazyStones/pico-sdk/src/rp2_common/pico_stdlib/stdlib.c.obj
LOAD CMakeFiles/vectrex_hello.dir/Users/daniel/projects/vectrex-arcade-private/hardware/uvm2/RP2350_CrazyStones/pico-sdk/src/rp2_common/hardware_gpio/gpio.c.obj
LOAD CMakeFiles/vectrex_hello.dir/Users/daniel/projects/vectrex-arcade-private/hardware/uvm2/RP2350_CrazyStones/pico-sdk/src/rp2350/pico_platform/platform.c.obj
LOAD CMakeFiles/vectrex_hello.dir/Users/daniel/projects/vectrex-arcade-private/hardware/uvm2/RP2350_CrazyStones/pico-sdk/src/rp2_common/pico_platform_common/common.c.obj
LOAD CMakeFiles/vectrex_hello.dir/Users/daniel/projects/vectrex-arcade-private/hardware/uvm2/RP2350_CrazyStones/pico-sdk/src/rp2_common/pico_platform_panic/panic.c.obj
LOAD CMakeFiles/vectrex_hello.dir/Users/daniel/projects/vectrex-arcade-private/hardware/uvm2/RP2350_CrazyStones/pico-sdk/src/common/hardware_claim/claim.c.obj
LOAD CMakeFiles/vectrex_hello.dir/Users/daniel/projects/vectrex-arcade-private/hardware/uvm2/RP2350_CrazyStones/pico-sdk/src/rp2_common/hardware_sync/sync.c.obj
LOAD CMakeFiles/vectrex_hello.dir/Users/daniel/projects/vectrex-arcade-private/hardware/uvm2/RP2350_CrazyStones/pico-sdk/src/rp2_common/hardware_sync_spin_lock/sync_spin_lock.c.obj
LOAD CMakeFiles/vectrex_hello.dir/Users/daniel/projects/vectrex-arcade-private/hardware/uvm2/RP2350_CrazyStones/pico-sdk/src/rp2_common/hardware_irq/irq.c.obj
LOAD CMakeFiles/vectrex_hello.dir/Users/daniel/projects/vectrex-arcade-private/hardware/uvm2/RP2350_CrazyStones/pico-sdk/src/rp2_common/hardware_irq/irq_handler_chain.S.obj
LOAD CMakeFiles/vectrex_hello.dir/Users/daniel/projects/vectrex-arcade-private/hardware/uvm2/RP2350_CrazyStones/pico-sdk/src/common/pico_sync/sem.c.obj
LOAD CMakeFiles/vectrex_hello.dir/Users/daniel/projects/vectrex-arcade-private/hardware/uvm2/RP2350_CrazyStones/pico-sdk/src/common/pico_sync/lock_core.c.obj
LOAD CMakeFiles/vectrex_hello.dir/Users/daniel/projects/vectrex-arcade-private/hardware/uvm2/RP2350_CrazyStones/pico-sdk/src/common/pico_sync/mutex.c.obj
LOAD CMakeFiles/vectrex_hello.dir/Users/daniel/projects/vectrex-arcade-private/hardware/uvm2/RP2350_CrazyStones/pico-sdk/src/common/pico_sync/critical_section.c.obj
LOAD CMakeFiles/vectrex_hello.dir/Users/daniel/projects/vectrex-arcade-private/hardware/uvm2/RP2350_CrazyStones/pico-sdk/src/common/pico_time/time.c.obj
LOAD CMakeFiles/vectrex_hello.dir/Users/daniel/projects/vectrex-arcade-private/hardware/uvm2/RP2350_CrazyStones/pico-sdk/src/common/pico_time/timeout_helper.c.obj
LOAD CMakeFiles/vectrex_hello.dir/Users/daniel/projects/vectrex-arcade-private/hardware/uvm2/RP2350_CrazyStones/pico-sdk/src/rp2_common/hardware_timer/timer.c.obj
LOAD CMakeFiles/vectrex_hello.dir/Users/daniel/projects/vectrex-arcade-private/hardware/uvm2/RP2350_CrazyStones/pico-sdk/src/common/pico_util/datetime.c.obj
LOAD CMakeFiles/vectrex_hello.dir/Users/daniel/projects/vectrex-arcade-private/hardware/uvm2/RP2350_CrazyStones/pico-sdk/src/common/pico_util/pheap.c.obj
LOAD CMakeFiles/vectrex_hello.dir/Users/daniel/projects/vectrex-arcade-private/hardware/uvm2/RP2350_CrazyStones/pico-sdk/src/common/pico_util/queue.c.obj
LOAD CMakeFiles/vectrex_hello.dir/Users/daniel/projects/vectrex-arcade-private/hardware/uvm2/RP2350_CrazyStones/pico-sdk/src/rp2_common/hardware_uart/uart.c.obj
LOAD CMakeFiles/vectrex_hello.dir/Users/daniel/projects/vectrex-arcade-private/hardware/uvm2/RP2350_CrazyStones/pico-sdk/src/rp2_common/hardware_clocks/clocks.c.obj
LOAD CMakeFiles/vectrex_hello.dir/Users/daniel/projects/vectrex-arcade-private/hardware/uvm2/RP2350_CrazyStones/pico-sdk/src/rp2_common/hardware_pll/pll.c.obj
LOAD CMakeFiles/vectrex_hello.dir/Users/daniel/projects/vectrex-arcade-private/hardware/uvm2/RP2350_CrazyStones/pico-sdk/src/rp2_common/hardware_vreg/vreg.c.obj
LOAD CMakeFiles/vectrex_hello.dir/Users/daniel/projects/vectrex-arcade-private/hardware/uvm2/RP2350_CrazyStones/pico-sdk/src/rp2_common/hardware_watchdog/watchdog.c.obj
LOAD CMakeFiles/vectrex_hello.dir/Users/daniel/projects/vectrex-arcade-private/hardware/uvm2/RP2350_CrazyStones/pico-sdk/src/rp2_common/hardware_ticks/ticks.c.obj
LOAD CMakeFiles/vectrex_hello.dir/Users/daniel/projects/vectrex-arcade-private/hardware/uvm2/RP2350_CrazyStones/pico-sdk/src/rp2_common/pico_bootrom/bootrom.c.obj
LOAD CMakeFiles/vectrex_hello.dir/Users/daniel/projects/vectrex-arcade-private/hardware/uvm2/RP2350_CrazyStones/pico-sdk/src/rp2_common/pico_bootrom/bootrom_lock.c.obj
LOAD CMakeFiles/vectrex_hello.dir/Users/daniel/projects/vectrex-arcade-private/hardware/uvm2/RP2350_CrazyStones/pico-sdk/src/rp2_common/hardware_boot_lock/boot_lock.c.obj
LOAD CMakeFiles/vectrex_hello.dir/Users/daniel/projects/vectrex-arcade-private/hardware/uvm2/RP2350_CrazyStones/pico-sdk/src/rp2_common/pico_flash/flash.c.obj
LOAD CMakeFiles/vectrex_hello.dir/Users/daniel/projects/vectrex-arcade-private/hardware/uvm2/RP2350_CrazyStones/pico-sdk/src/rp2_common/hardware_xosc/xosc.c.obj
LOAD CMakeFiles/vectrex_hello.dir/Users/daniel/projects/vectrex-arcade-private/hardware/uvm2/RP2350_CrazyStones/pico-sdk/src/rp2_common/hardware_divider/divider.c.obj
LOAD CMakeFiles/vectrex_hello.dir/Users/daniel/projects/vectrex-arcade-private/hardware/uvm2/RP2350_CrazyStones/pico-sdk/src/rp2_common/pico_runtime/runtime.c.obj
LOAD CMakeFiles/vectrex_hello.dir/Users/daniel/projects/vectrex-arcade-private/hardware/uvm2/RP2350_CrazyStones/pico-sdk/src/rp2_common/pico_runtime_init/runtime_init.c.obj
LOAD CMakeFiles/vectrex_hello.dir/Users/daniel/projects/vectrex-arcade-private/hardware/uvm2/RP2350_CrazyStones/pico-sdk/src/rp2_common/pico_runtime_init/runtime_init_clocks.c.obj
LOAD CMakeFiles/vectrex_hello.dir/Users/daniel/projects/vectrex-arcade-private/hardware/uvm2/RP2350_CrazyStones/pico-sdk/src/rp2_common/pico_runtime_init/runtime_init_stack_guard.c.obj
LOAD CMakeFiles/vectrex_hello.dir/Users/daniel/projects/vectrex-arcade-private/hardware/uvm2/RP2350_CrazyStones/pico-sdk/src/rp2_common/pico_bit_ops/bit_ops_aeabi.S.obj
LOAD CMakeFiles/vectrex_hello.dir/Users/daniel/projects/vectrex-arcade-private/hardware/uvm2/RP2350_CrazyStones/pico-sdk/src/rp2_common/pico_divider/divider_compiler.c.obj
LOAD CMakeFiles/vectrex_hello.dir/Users/daniel/projects/vectrex-arcade-private/hardware/uvm2/RP2350_CrazyStones/pico-sdk/src/rp2_common/pico_double/double_math.c.obj
LOAD CMakeFiles/vectrex_hello.dir/Users/daniel/projects/vectrex-arcade-private/hardware/uvm2/RP2350_CrazyStones/pico-sdk/src/rp2_common/pico_double/double_aeabi_dcp.S.obj
LOAD CMakeFiles/vectrex_hello.dir/Users/daniel/projects/vectrex-arcade-private/hardware/uvm2/RP2350_CrazyStones/pico-sdk/src/rp2_common/pico_double/double_fma_dcp.S.obj
LOAD CMakeFiles/vectrex_hello.dir/Users/daniel/projects/vectrex-arcade-private/hardware/uvm2/RP2350_CrazyStones/pico-sdk/src/rp2_common/pico_double/double_sci_m33.S.obj
LOAD CMakeFiles/vectrex_hello.dir/Users/daniel/projects/vectrex-arcade-private/hardware/uvm2/RP2350_CrazyStones/pico-sdk/src/rp2_common/pico_double/double_conv_m33.S.obj
LOAD CMakeFiles/vectrex_hello.dir/Users/daniel/projects/vectrex-arcade-private/hardware/uvm2/RP2350_CrazyStones/pico-sdk/src/rp2_common/pico_float/float_math.c.obj
LOAD CMakeFiles/vectrex_hello.dir/Users/daniel/projects/vectrex-arcade-private/hardware/uvm2/RP2350_CrazyStones/pico-sdk/src/rp2_common/pico_float/float_conv32_vfp.S.obj
LOAD CMakeFiles/vectrex_hello.dir/Users/daniel/projects/vectrex-arcade-private/hardware/uvm2/RP2350_CrazyStones/pico-sdk/src/rp2_common/pico_float/float_common_m33.S.obj
LOAD CMakeFiles/vectrex_hello.dir/Users/daniel/projects/vectrex-arcade-private/hardware/uvm2/RP2350_CrazyStones/pico-sdk/src/rp2_common/pico_float/float_sci_m33_vfp.S.obj
LOAD CMakeFiles/vectrex_hello.dir/Users/daniel/projects/vectrex-arcade-private/hardware/uvm2/RP2350_CrazyStones/pico-sdk/src/rp2_common/pico_malloc/malloc.c.obj
LOAD CMakeFiles/vectrex_hello.dir/Users/daniel/projects/vectrex-arcade-private/hardware/uvm2/RP2350_CrazyStones/pico-sdk/src/rp2_common/pico_atomic/atomic.c.obj
LOAD CMakeFiles/vectrex_hello.dir/Users/daniel/projects/vectrex-arcade-private/hardware/uvm2/RP2350_CrazyStones/pico-sdk/src/rp2_common/pico_cxx_options/new_delete.cpp.obj
LOAD CMakeFiles/vectrex_hello.dir/Users/daniel/projects/vectrex-arcade-private/hardware/uvm2/RP2350_CrazyStones/pico-sdk/src/rp2_common/pico_standard_binary_info/standard_binary_info.c.obj
LOAD CMakeFiles/vectrex_hello.dir/Users/daniel/projects/vectrex-arcade-private/hardware/uvm2/RP2350_CrazyStones/pico-sdk/src/rp2_common/pico_printf/printf.c.obj
LOAD CMakeFiles/vectrex_hello.dir/Users/daniel/projects/vectrex-arcade-private/hardware/uvm2/RP2350_CrazyStones/pico-sdk/src/rp2_common/pico_crt0/crt0.S.obj
LOAD CMakeFiles/vectrex_hello.dir/Users/daniel/projects/vectrex-arcade-private/hardware/uvm2/RP2350_CrazyStones/pico-sdk/src/rp2_common/pico_clib_interface/newlib_interface.c.obj
LOAD CMakeFiles/vectrex_hello.dir/Users/daniel/projects/vectrex-arcade-private/hardware/uvm2/RP2350_CrazyStones/pico-sdk/src/rp2_common/pico_stdio/stdio.c.obj
LOAD CMakeFiles/vectrex_hello.dir/Users/daniel/projects/vectrex-arcade-private/hardware/uvm2/RP2350_CrazyStones/pico-sdk/src/rp2_common/pico_multicore/multicore.c.obj
LOAD CMakeFiles/vectrex_hello.dir/Users/daniel/projects/vectrex-arcade-private/hardware/uvm2/RP2350_CrazyStones/pico-sdk/src/rp2_common/hardware_dma/dma.c.obj
LOAD CMakeFiles/vectrex_hello.dir/Users/daniel/projects/vectrex-arcade-private/hardware/uvm2/RP2350_CrazyStones/pico-sdk/src/rp2_common/hardware_pio/pio.c.obj
LOAD /Applications/ArmGNUToolchain/15.2.rel1/arm-none-eabi/bin/../lib/gcc/arm-none-eabi/15.2.1/../../../../arm-none-eabi/lib/thumb/v8-m.main+fp/softfp/libstdc++.a
LOAD /Applications/ArmGNUToolchain/15.2.rel1/arm-none-eabi/bin/../lib/gcc/arm-none-eabi/15.2.1/../../../../arm-none-eabi/lib/thumb/v8-m.main+fp/softfp/libm.a
START GROUP
LOAD /Applications/ArmGNUToolchain/15.2.rel1/arm-none-eabi/bin/../lib/gcc/arm-none-eabi/15.2.1/thumb/v8-m.main+fp/softfp/libgcc.a
LOAD /Applications/ArmGNUToolchain/15.2.rel1/arm-none-eabi/bin/../lib/gcc/arm-none-eabi/15.2.1/../../../../arm-none-eabi/lib/thumb/v8-m.main+fp/softfp/libg.a
LOAD /Applications/ArmGNUToolchain/15.2.rel1/arm-none-eabi/bin/../lib/gcc/arm-none-eabi/15.2.1/../../../../arm-none-eabi/lib/thumb/v8-m.main+fp/softfp/libc.a
END GROUP
START GROUP
LOAD /Applications/ArmGNUToolchain/15.2.rel1/arm-none-eabi/bin/../lib/gcc/arm-none-eabi/15.2.1/thumb/v8-m.main+fp/softfp/libgcc.a
LOAD /Applications/ArmGNUToolchain/15.2.rel1/arm-none-eabi/bin/../lib/gcc/arm-none-eabi/15.2.1/../../../../arm-none-eabi/lib/thumb/v8-m.main+fp/softfp/libc.a
LOAD /Applications/ArmGNUToolchain/15.2.rel1/arm-none-eabi/bin/../lib/gcc/arm-none-eabi/15.2.1/../../../../arm-none-eabi/lib/thumb/v8-m.main+fp/softfp/libnosys.a
END GROUP
OUTPUT(vectrex_hello.elf elf32-littlearm)
LOAD linker stubs

.rel.dyn        0x20081800        0x0
 .rel.iplt      0x20081800        0x0 CMakeFiles/vectrex_hello.dir/Users/daniel/projects/vectrex-pseudo-python/examples/vectrex_hello/build/vectrex_hello.S.obj

.vpyram         0x2007c000     0x4000
 .vpyram        0x2007c000     0x4000 CMakeFiles/vectrex_hello.dir/Users/daniel/projects/vectrex-pseudo-python/examples/vectrex_hello/build/vectrex_hello.S.obj

.ARM.attributes
                0x00000000       0x36
 .ARM.attributes
                0x00000000       0x28 CMakeFiles/vectrex_hello.dir/Users/daniel/projects/vectrex-pseudo-python/examples/vectrex_hello/build/vectrex_hello.S.obj
 .ARM.attributes
                0x00000028       0x38 CMakeFiles/vectrex_hello.dir/Users/daniel/projects/vectrex-pseudo-python/ide/electron/resources/uvm2-sdk/uvm2_bus.c.obj
 .ARM.attributes
                0x00000060       0x38 CMakeFiles/vectrex_hello.dir/Users/daniel/projects/vectrex-pseudo-python/ide/electron/resources/uvm2-sdk/uvm2_draw.c.obj
 .ARM.attributes
                0x00000098       0x38 CMakeFiles/vectrex_hello.dir/Users/daniel/projects/vectrex-pseudo-python/ide/electron/resources/uvm2-sdk/uvm2_input.c.obj
 .ARM.attributes
                0x000000d0       0x38 CMakeFiles/vectrex_hello.dir/Users/daniel/projects/vectrex-pseudo-python/ide/electron/resources/uvm2-sdk/uvm2_led.c.obj
 .ARM.attributes
                0x00000108       0x38 CMakeFiles/vectrex_hello.dir/Users/daniel/projects/vectrex-pseudo-python/ide/electron/resources/uvm2-sdk/uvm2_text.c.obj
 .ARM.attributes
                0x00000140       0x38 CMakeFiles/vectrex_hello.dir/Users/daniel/projects/vectrex-pseudo-python/ide/electron/resources/uvm2-sdk/uvm2_audio.c.obj
 .ARM.attributes
                0x00000178       0x38 CMakeFiles/vectrex_hello.dir/Users/daniel/projects/vectrex-pseudo-python/ide/electron/resources/uvm2-sdk/uvm2_svc.c.obj
 .ARM.attributes
                0x000001b0       0x38 CMakeFiles/vectrex_hello.dir/Users/daniel/projects/vectrex-pseudo-python/ide/electron/resources/uvm2-sdk/uvm2_psram.c.obj
 .ARM.attributes
                0x000001e8       0x24 CMakeFiles/vectrex_hello.dir/Users/daniel/projects/vectrex-pseudo-python/ide/electron/resources/uvm2-sdk/uvm2_svc_entry.s.obj
 .ARM.attributes
                0x0000020c       0x38 CMakeFiles/vectrex_hello.dir/Users/daniel/projects/vectrex-pseudo-python/ide/electron/resources/uvm2-sdk/uvm2_pico_main.c.obj
 .ARM.attributes
                0x00000244       0x24 CMakeFiles/vectrex_hello.dir/Users/daniel/projects/vectrex-pseudo-python/ide/electron/resources/uvm2-sdk/uvm2_pico_svc.S.obj
 .ARM.attributes
                0x00000268       0x38 CMakeFiles/vectrex_hello.dir/Users/daniel/projects/vectrex-arcade-private/hardware/uvm2/RP2350_CrazyStones/pico-sdk/src/rp2_common/pico_platform_panic/panic.c.obj
 .ARM.attributes
                0x000002a0       0x38 CMakeFiles/vectrex_hello.dir/Users/daniel/projects/vectrex-arcade-private/hardware/uvm2/RP2350_CrazyStones/pico-sdk/src/common/hardware_claim/claim.c.obj
 .ARM.attributes
                0x000002d8       0x38 CMakeFiles/vectrex_hello.dir/Users/daniel/projects/vectrex-arcade-private/hardware/uvm2/RP2350_CrazyStones/pico-sdk/src/rp2_common/hardware_sync/sync.c.obj
 .ARM.attributes
                0x00000310       0x38 CMakeFiles/vectrex_hello.dir/Users/daniel/projects/vectrex-arcade-private/hardware/uvm2/RP2350_CrazyStones/pico-sdk/src/rp2_common/hardware_sync_spin_lock/sync_spin_lock.c.obj
 .ARM.attributes
                0x00000348       0x38 CMakeFiles/vectrex_hello.dir/Users/daniel/projects/vectrex-arcade-private/hardware/uvm2/RP2350_CrazyStones/pico-sdk/src/rp2_common/hardware_irq/irq.c.obj
 .ARM.attributes
                0x00000380       0x38 CMakeFiles/vectrex_hello.dir/Users/daniel/projects/vectrex-arcade-private/hardware/uvm2/RP2350_CrazyStones/pico-sdk/src/common/pico_sync/lock_core.c.obj
 .ARM.attributes
                0x000003b8       0x38 CMakeFiles/vectrex_hello.dir/Users/daniel/projects/vectrex-arcade-private/hardware/uvm2/RP2350_CrazyStones/pico-sdk/src/common/pico_sync/mutex.c.obj
 .ARM.attributes
                0x000003f0       0x38 CMakeFiles/vectrex_hello.dir/Users/daniel/projects/vectrex-arcade-private/hardware/uvm2/RP2350_CrazyStones/pico-sdk/src/common/pico_time/time.c.obj
 .ARM.attributes
                0x00000428       0x38 CMakeFiles/vectrex_hello.dir/Users/daniel/projects/vectrex-arcade-private/hardware/uvm2/RP2350_CrazyStones/pico-sdk/src/rp2_common/hardware_timer/timer.c.obj
 .ARM.attributes
                0x00000460       0x38 CMakeFiles/vectrex_hello.dir/Users/daniel/projects/vectrex-arcade-private/hardware/uvm2/RP2350_CrazyStones/pico-sdk/src/rp2_common/hardware_clocks/clocks.c.obj
 .ARM.attributes
                0x00000498       0x38 CMakeFiles/vectrex_hello.dir/Users/daniel/projects/vectrex-arcade-private/hardware/uvm2/RP2350_CrazyStones/pico-sdk/src/rp2_common/hardware_pll/pll.c.obj
 .ARM.attributes
                0x000004d0       0x38 CMakeFiles/vectrex_hello.dir/Users/daniel/projects/vectrex-arcade-private/hardware/uvm2/RP2350_CrazyStones/pico-sdk/src/rp2_common/hardware_ticks/ticks.c.obj
 .ARM.attributes
                0x00000508       0x38 CMakeFiles/vectrex_hello.dir/Users/daniel/projects/vectrex-arcade-private/hardware/uvm2/RP2350_CrazyStones/pico-sdk/src/rp2_common/pico_bootrom/bootrom.c.obj
 .ARM.attributes
                0x00000540       0x38 CMakeFiles/vectrex_hello.dir/Users/daniel/projects/vectrex-arcade-private/hardware/uvm2/RP2350_CrazyStones/pico-sdk/src/rp2_common/pico_bootrom/bootrom_lock.c.obj
 .ARM.attributes
                0x00000578       0x38 CMakeFiles/vectrex_hello.dir/Users/daniel/projects/vectrex-arcade-private/hardware/uvm2/RP2350_CrazyStones/pico-sdk/src/rp2_common/hardware_boot_lock/boot_lock.c.obj
 .ARM.attributes
                0x000005b0       0x38 CMakeFiles/vectrex_hello.dir/Users/daniel/projects/vectrex-arcade-private/hardware/uvm2/RP2350_CrazyStones/pico-sdk/src/rp2_common/hardware_xosc/xosc.c.obj
 .ARM.attributes
                0x000005e8       0x38 CMakeFiles/vectrex_hello.dir/Users/daniel/projects/vectrex-arcade-private/hardware/uvm2/RP2350_CrazyStones/pico-sdk/src/rp2_common/pico_runtime/runtime.c.obj
 .ARM.attributes
                0x00000620       0x38 CMakeFiles/vectrex_hello.dir/Users/daniel/projects/vectrex-arcade-private/hardware/uvm2/RP2350_CrazyStones/pico-sdk/src/rp2_common/pico_runtime_init/runtime_init.c.obj
 .ARM.attributes
                0x00000658       0x38 CMakeFiles/vectrex_hello.dir/Users/daniel/projects/vectrex-arcade-private/hardware/uvm2/RP2350_CrazyStones/pico-sdk/src/rp2_common/pico_runtime_init/runtime_init_clocks.c.obj
 .ARM.attributes
                0x00000690       0x38 CMakeFiles/vectrex_hello.dir/Users/daniel/projects/vectrex-arcade-private/hardware/uvm2/RP2350_CrazyStones/pico-sdk/src/rp2_common/pico_malloc/malloc.c.obj
 .ARM.attributes
                0x000006c8       0x38 CMakeFiles/vectrex_hello.dir/Users/daniel/projects/vectrex-arcade-private/hardware/uvm2/RP2350_CrazyStones/pico-sdk/src/rp2_common/pico_standard_binary_info/standard_binary_info.c.obj
 .ARM.attributes
                0x00000700       0x38 CMakeFiles/vectrex_hello.dir/Users/daniel/projects/vectrex-arcade-private/hardware/uvm2/RP2350_CrazyStones/pico-sdk/src/rp2_common/pico_printf/printf.c.obj
 .ARM.attributes
                0x00000738       0x28 CMakeFiles/vectrex_hello.dir/Users/daniel/projects/vectrex-arcade-private/hardware/uvm2/RP2350_CrazyStones/pico-sdk/src/rp2_common/pico_crt0/crt0.S.obj
 .ARM.attributes
                0x00000760       0x38 CMakeFiles/vectrex_hello.dir/Users/daniel/projects/vectrex-arcade-private/hardware/uvm2/RP2350_CrazyStones/pico-sdk/src/rp2_common/pico_clib_interface/newlib_interface.c.obj
 .ARM.attributes
                0x00000798       0x38 CMakeFiles/vectrex_hello.dir/Users/daniel/projects/vectrex-arcade-private/hardware/uvm2/RP2350_CrazyStones/pico-sdk/src/rp2_common/pico_stdio/stdio.c.obj
 .ARM.attributes
                0x000007d0       0x38 CMakeFiles/vectrex_hello.dir/Users/daniel/projects/vectrex-arcade-private/hardware/uvm2/RP2350_CrazyStones/pico-sdk/src/rp2_common/pico_multicore/multicore.c.obj
 .ARM.attributes
                0x00000808       0x36 /Applications/ArmGNUToolchain/15.2.rel1/arm-none-eabi/bin/../lib/gcc/arm-none-eabi/15.2.1/../../../../arm-none-eabi/lib/thumb/v8-m.main+fp/softfp/libg.a(libc_a-strlen-stub.o)

.comment        0x00000000       0x45
 .comment       0x00000000       0x45 CMakeFiles/vectrex_hello.dir/Users/daniel/projects/vectrex-pseudo-python/ide/electron/resources/uvm2-sdk/uvm2_bus.c.obj
                                 0x46 (size before relaxing)
 .comment       0x00000045        0x0 CMakeFiles/vectrex_hello.dir/Users/daniel/projects/vectrex-pseudo-python/ide/electron/resources/uvm2-sdk/uvm2_draw.c.obj
                                 0x46 (size before relaxing)
 .comment       0x00000045        0x0 CMakeFiles/vectrex_hello.dir/Users/daniel/projects/vectrex-pseudo-python/ide/electron/resources/uvm2-sdk/uvm2_input.c.obj
                                 0x46 (size before relaxing)
 .comment       0x00000045        0x0 CMakeFiles/vectrex_hello.dir/Users/daniel/projects/vectrex-pseudo-python/ide/electron/resources/uvm2-sdk/uvm2_led.c.obj
                                 0x46 (size before relaxing)
 .comment       0x00000045        0x0 CMakeFiles/vectrex_hello.dir/Users/daniel/projects/vectrex-pseudo-python/ide/electron/resources/uvm2-sdk/uvm2_text.c.obj
                                 0x46 (size before relaxing)
 .comment       0x00000045        0x0 CMakeFiles/vectrex_hello.dir/Users/daniel/projects/vectrex-pseudo-python/ide/electron/resources/uvm2-sdk/uvm2_audio.c.obj
                                 0x46 (size before relaxing)
 .comment       0x00000045        0x0 CMakeFiles/vectrex_hello.dir/Users/daniel/projects/vectrex-pseudo-python/ide/electron/resources/uvm2-sdk/uvm2_svc.c.obj
                                 0x46 (size before relaxing)
 .comment       0x00000045        0x0 CMakeFiles/vectrex_hello.dir/Users/daniel/projects/vectrex-pseudo-python/ide/electron/resources/uvm2-sdk/uvm2_psram.c.obj
                                 0x46 (size before relaxing)
 .comment       0x00000045        0x0 CMakeFiles/vectrex_hello.dir/Users/daniel/projects/vectrex-pseudo-python/ide/electron/resources/uvm2-sdk/uvm2_pico_main.c.obj
                                 0x46 (size before relaxing)
 .comment       0x00000045        0x0 CMakeFiles/vectrex_hello.dir/Users/daniel/projects/vectrex-arcade-private/hardware/uvm2/RP2350_CrazyStones/pico-sdk/src/rp2_common/pico_platform_panic/panic.c.obj
                                 0x46 (size before relaxing)
 .comment       0x00000045        0x0 CMakeFiles/vectrex_hello.dir/Users/daniel/projects/vectrex-arcade-private/hardware/uvm2/RP2350_CrazyStones/pico-sdk/src/common/hardware_claim/claim.c.obj
                                 0x46 (size before relaxing)
 .comment       0x00000045        0x0 CMakeFiles/vectrex_hello.dir/Users/daniel/projects/vectrex-arcade-private/hardware/uvm2/RP2350_CrazyStones/pico-sdk/src/rp2_common/hardware_sync/sync.c.obj
                                 0x46 (size before relaxing)
 .comment       0x00000045        0x0 CMakeFiles/vectrex_hello.dir/Users/daniel/projects/vectrex-arcade-private/hardware/uvm2/RP2350_CrazyStones/pico-sdk/src/rp2_common/hardware_sync_spin_lock/sync_spin_lock.c.obj
                                 0x46 (size before relaxing)
 .comment       0x00000045        0x0 CMakeFiles/vectrex_hello.dir/Users/daniel/projects/vectrex-arcade-private/hardware/uvm2/RP2350_CrazyStones/pico-sdk/src/rp2_common/hardware_irq/irq.c.obj
                                 0x46 (size before relaxing)
 .comment       0x00000045        0x0 CMakeFiles/vectrex_hello.dir/Users/daniel/projects/vectrex-arcade-private/hardware/uvm2/RP2350_CrazyStones/pico-sdk/src/common/pico_sync/lock_core.c.obj
                                 0x46 (size before relaxing)
 .comment       0x00000045        0x0 CMakeFiles/vectrex_hello.dir/Users/daniel/projects/vectrex-arcade-private/hardware/uvm2/RP2350_CrazyStones/pico-sdk/src/common/pico_sync/mutex.c.obj
                                 0x46 (size before relaxing)
 .comment       0x00000045        0x0 CMakeFiles/vectrex_hello.dir/Users/daniel/projects/vectrex-arcade-private/hardware/uvm2/RP2350_CrazyStones/pico-sdk/src/common/pico_time/time.c.obj
                                 0x46 (size before relaxing)
 .comment       0x00000045        0x0 CMakeFiles/vectrex_hello.dir/Users/daniel/projects/vectrex-arcade-private/hardware/uvm2/RP2350_CrazyStones/pico-sdk/src/rp2_common/hardware_timer/timer.c.obj
                                 0x46 (size before relaxing)
 .comment       0x00000045        0x0 CMakeFiles/vectrex_hello.dir/Users/daniel/projects/vectrex-arcade-private/hardware/uvm2/RP2350_CrazyStones/pico-sdk/src/rp2_common/hardware_clocks/clocks.c.obj
                                 0x46 (size before relaxing)
 .comment       0x00000045        0x0 CMakeFiles/vectrex_hello.dir/Users/daniel/projects/vectrex-arcade-private/hardware/uvm2/RP2350_CrazyStones/pico-sdk/src/rp2_common/hardware_pll/pll.c.obj
                                 0x46 (size before relaxing)
 .comment       0x00000045        0x0 CMakeFiles/vectrex_hello.dir/Users/daniel/projects/vectrex-arcade-private/hardware/uvm2/RP2350_CrazyStones/pico-sdk/src/rp2_common/hardware_ticks/ticks.c.obj
                                 0x46 (size before relaxing)
 .comment       0x00000045        0x0 CMakeFiles/vectrex_hello.dir/Users/daniel/projects/vectrex-arcade-private/hardware/uvm2/RP2350_CrazyStones/pico-sdk/src/rp2_common/pico_bootrom/bootrom.c.obj
                                 0x46 (size before relaxing)
 .comment       0x00000045        0x0 CMakeFiles/vectrex_hello.dir/Users/daniel/projects/vectrex-arcade-private/hardware/uvm2/RP2350_CrazyStones/pico-sdk/src/rp2_common/pico_bootrom/bootrom_lock.c.obj
                                 0x46 (size before relaxing)
 .comment       0x00000045        0x0 CMakeFiles/vectrex_hello.dir/Users/daniel/projects/vectrex-arcade-private/hardware/uvm2/RP2350_CrazyStones/pico-sdk/src/rp2_common/hardware_boot_lock/boot_lock.c.obj
                                 0x46 (size before relaxing)
 .comment       0x00000045        0x0 CMakeFiles/vectrex_hello.dir/Users/daniel/projects/vectrex-arcade-private/hardware/uvm2/RP2350_CrazyStones/pico-sdk/src/rp2_common/hardware_xosc/xosc.c.obj
                                 0x46 (size before relaxing)
 .comment       0x00000045        0x0 CMakeFiles/vectrex_hello.dir/Users/daniel/projects/vectrex-arcade-private/hardware/uvm2/RP2350_CrazyStones/pico-sdk/src/rp2_common/pico_runtime/runtime.c.obj
                                 0x46 (size before relaxing)
 .comment       0x00000045        0x0 CMakeFiles/vectrex_hello.dir/Users/daniel/projects/vectrex-arcade-private/hardware/uvm2/RP2350_CrazyStones/pico-sdk/src/rp2_common/pico_runtime_init/runtime_init.c.obj
                                 0x46 (size before relaxing)
 .comment       0x00000045        0x0 CMakeFiles/vectrex_hello.dir/Users/daniel/projects/vectrex-arcade-private/hardware/uvm2/RP2350_CrazyStones/pico-sdk/src/rp2_common/pico_runtime_init/runtime_init_clocks.c.obj
                                 0x46 (size before relaxing)
 .comment       0x00000045        0x0 CMakeFiles/vectrex_hello.dir/Users/daniel/projects/vectrex-arcade-private/hardware/uvm2/RP2350_CrazyStones/pico-sdk/src/rp2_common/pico_malloc/malloc.c.obj
                                 0x46 (size before relaxing)
 .comment       0x00000045        0x0 CMakeFiles/vectrex_hello.dir/Users/daniel/projects/vectrex-arcade-private/hardware/uvm2/RP2350_CrazyStones/pico-sdk/src/rp2_common/pico_standard_binary_info/standard_binary_info.c.obj
                                 0x46 (size before relaxing)
 .comment       0x00000045        0x0 CMakeFiles/vectrex_hello.dir/Users/daniel/projects/vectrex-arcade-private/hardware/uvm2/RP2350_CrazyStones/pico-sdk/src/rp2_common/pico_printf/printf.c.obj
                                 0x46 (size before relaxing)
 .comment       0x00000045        0x0 CMakeFiles/vectrex_hello.dir/Users/daniel/projects/vectrex-arcade-private/hardware/uvm2/RP2350_CrazyStones/pico-sdk/src/rp2_common/pico_clib_interface/newlib_interface.c.obj
                                 0x46 (size before relaxing)
 .comment       0x00000045        0x0 CMakeFiles/vectrex_hello.dir/Users/daniel/projects/vectrex-arcade-private/hardware/uvm2/RP2350_CrazyStones/pico-sdk/src/rp2_common/pico_stdio/stdio.c.obj
                                 0x46 (size before relaxing)
 .comment       0x00000045        0x0 CMakeFiles/vectrex_hello.dir/Users/daniel/projects/vectrex-arcade-private/hardware/uvm2/RP2350_CrazyStones/pico-sdk/src/rp2_common/pico_multicore/multicore.c.obj
                                 0x46 (size before relaxing)

.debug_line     0x00000000    0x1a58c
 .debug_line    0x00000000       0xf1 CMakeFiles/vectrex_hello.dir/Users/daniel/projects/vectrex-pseudo-python/examples/vectrex_hello/build/vectrex_hello.S.obj
 .debug_line    0x000000f1      0x884 CMakeFiles/vectrex_hello.dir/Users/daniel/projects/vectrex-pseudo-python/ide/electron/resources/uvm2-sdk/uvm2_bus.c.obj
 .debug_line    0x00000975     0x16c1 CMakeFiles/vectrex_hello.dir/Users/daniel/projects/vectrex-pseudo-python/ide/electron/resources/uvm2-sdk/uvm2_draw.c.obj
 .debug_line    0x00002036      0x363 CMakeFiles/vectrex_hello.dir/Users/daniel/projects/vectrex-pseudo-python/ide/electron/resources/uvm2-sdk/uvm2_input.c.obj
 .debug_line    0x00002399      0x516 CMakeFiles/vectrex_hello.dir/Users/daniel/projects/vectrex-pseudo-python/ide/electron/resources/uvm2-sdk/uvm2_led.c.obj
 .debug_line    0x000028af      0x34b CMakeFiles/vectrex_hello.dir/Users/daniel/projects/vectrex-pseudo-python/ide/electron/resources/uvm2-sdk/uvm2_text.c.obj
 .debug_line    0x00002bfa      0x5d6 CMakeFiles/vectrex_hello.dir/Users/daniel/projects/vectrex-pseudo-python/ide/electron/resources/uvm2-sdk/uvm2_audio.c.obj
 .debug_line    0x000031d0      0x3f2 CMakeFiles/vectrex_hello.dir/Users/daniel/projects/vectrex-pseudo-python/ide/electron/resources/uvm2-sdk/uvm2_svc.c.obj
 .debug_line    0x000035c2      0xf74 CMakeFiles/vectrex_hello.dir/Users/daniel/projects/vectrex-pseudo-python/ide/electron/resources/uvm2-sdk/uvm2_psram.c.obj
 .debug_line    0x00004536       0x4c CMakeFiles/vectrex_hello.dir/Users/daniel/projects/vectrex-pseudo-python/ide/electron/resources/uvm2-sdk/uvm2_svc_entry.s.obj
 .debug_line    0x00004582       0x98 CMakeFiles/vectrex_hello.dir/Users/daniel/projects/vectrex-pseudo-python/ide/electron/resources/uvm2-sdk/uvm2_pico_main.c.obj
 .debug_line    0x0000461a       0x49 CMakeFiles/vectrex_hello.dir/Users/daniel/projects/vectrex-pseudo-python/ide/electron/resources/uvm2-sdk/uvm2_pico_svc.S.obj
 .debug_line    0x00004663      0x344 CMakeFiles/vectrex_hello.dir/Users/daniel/projects/vectrex-arcade-private/hardware/uvm2/RP2350_CrazyStones/pico-sdk/src/rp2_common/pico_platform_panic/panic.c.obj
 .debug_line    0x000049a7      0x93c CMakeFiles/vectrex_hello.dir/Users/daniel/projects/vectrex-arcade-private/hardware/uvm2/RP2350_CrazyStones/pico-sdk/src/common/hardware_claim/claim.c.obj
 .debug_line    0x000052e3      0x54c CMakeFiles/vectrex_hello.dir/Users/daniel/projects/vectrex-arcade-private/hardware/uvm2/RP2350_CrazyStones/pico-sdk/src/rp2_common/hardware_sync/sync.c.obj
 .debug_line    0x0000582f      0x4b7 CMakeFiles/vectrex_hello.dir/Users/daniel/projects/vectrex-arcade-private/hardware/uvm2/RP2350_CrazyStones/pico-sdk/src/rp2_common/hardware_sync_spin_lock/sync_spin_lock.c.obj
 .debug_line    0x00005ce6     0x18d4 CMakeFiles/vectrex_hello.dir/Users/daniel/projects/vectrex-arcade-private/hardware/uvm2/RP2350_CrazyStones/pico-sdk/src/rp2_common/hardware_irq/irq.c.obj
 .debug_line    0x000075ba      0x34e CMakeFiles/vectrex_hello.dir/Users/daniel/projects/vectrex-arcade-private/hardware/uvm2/RP2350_CrazyStones/pico-sdk/src/common/pico_sync/lock_core.c.obj
 .debug_line    0x00007908     0x1474 CMakeFiles/vectrex_hello.dir/Users/daniel/projects/vectrex-arcade-private/hardware/uvm2/RP2350_CrazyStones/pico-sdk/src/common/pico_sync/mutex.c.obj
 .debug_line    0x00008d7c     0x3679 CMakeFiles/vectrex_hello.dir/Users/daniel/projects/vectrex-arcade-private/hardware/uvm2/RP2350_CrazyStones/pico-sdk/src/common/pico_time/time.c.obj
 .debug_line    0x0000c3f5     0x201d CMakeFiles/vectrex_hello.dir/Users/daniel/projects/vectrex-arcade-private/hardware/uvm2/RP2350_CrazyStones/pico-sdk/src/rp2_common/hardware_timer/timer.c.obj
 .debug_line    0x0000e412     0x2107 CMakeFiles/vectrex_hello.dir/Users/daniel/projects/vectrex-arcade-private/hardware/uvm2/RP2350_CrazyStones/pico-sdk/src/rp2_common/hardware_clocks/clocks.c.obj
 .debug_line    0x00010519      0x673 CMakeFiles/vectrex_hello.dir/Users/daniel/projects/vectrex-arcade-private/hardware/uvm2/RP2350_CrazyStones/pico-sdk/src/rp2_common/hardware_pll/pll.c.obj
 .debug_line    0x00010b8c      0x445 CMakeFiles/vectrex_hello.dir/Users/daniel/projects/vectrex-arcade-private/hardware/uvm2/RP2350_CrazyStones/pico-sdk/src/rp2_common/hardware_ticks/ticks.c.obj
 .debug_line    0x00010fd1      0xd2d CMakeFiles/vectrex_hello.dir/Users/daniel/projects/vectrex-arcade-private/hardware/uvm2/RP2350_CrazyStones/pico-sdk/src/rp2_common/pico_bootrom/bootrom.c.obj
 .debug_line    0x00011cfe      0x544 CMakeFiles/vectrex_hello.dir/Users/daniel/projects/vectrex-arcade-private/hardware/uvm2/RP2350_CrazyStones/pico-sdk/src/rp2_common/pico_bootrom/bootrom_lock.c.obj
 .debug_line    0x00012242      0x541 CMakeFiles/vectrex_hello.dir/Users/daniel/projects/vectrex-arcade-private/hardware/uvm2/RP2350_CrazyStones/pico-sdk/src/rp2_common/hardware_boot_lock/boot_lock.c.obj
 .debug_line    0x00012783      0x48b CMakeFiles/vectrex_hello.dir/Users/daniel/projects/vectrex-arcade-private/hardware/uvm2/RP2350_CrazyStones/pico-sdk/src/rp2_common/hardware_xosc/xosc.c.obj
 .debug_line    0x00012c0e      0x3ff CMakeFiles/vectrex_hello.dir/Users/daniel/projects/vectrex-arcade-private/hardware/uvm2/RP2350_CrazyStones/pico-sdk/src/rp2_common/pico_runtime/runtime.c.obj
 .debug_line    0x0001300d      0x74d CMakeFiles/vectrex_hello.dir/Users/daniel/projects/vectrex-arcade-private/hardware/uvm2/RP2350_CrazyStones/pico-sdk/src/rp2_common/pico_runtime_init/runtime_init.c.obj
 .debug_line    0x0001375a      0x7b6 CMakeFiles/vectrex_hello.dir/Users/daniel/projects/vectrex-arcade-private/hardware/uvm2/RP2350_CrazyStones/pico-sdk/src/rp2_common/pico_runtime_init/runtime_init_clocks.c.obj
 .debug_line    0x00013f10      0x5f2 CMakeFiles/vectrex_hello.dir/Users/daniel/projects/vectrex-arcade-private/hardware/uvm2/RP2350_CrazyStones/pico-sdk/src/rp2_common/pico_malloc/malloc.c.obj
 .debug_line    0x00014502      0x2a6 CMakeFiles/vectrex_hello.dir/Users/daniel/projects/vectrex-arcade-private/hardware/uvm2/RP2350_CrazyStones/pico-sdk/src/rp2_common/pico_standard_binary_info/standard_binary_info.c.obj
 .debug_line    0x000147a8     0x1cae CMakeFiles/vectrex_hello.dir/Users/daniel/projects/vectrex-arcade-private/hardware/uvm2/RP2350_CrazyStones/pico-sdk/src/rp2_common/pico_printf/printf.c.obj
 .debug_line    0x00016456       0xa5 CMakeFiles/vectrex_hello.dir/Users/daniel/projects/vectrex-arcade-private/hardware/uvm2/RP2350_CrazyStones/pico-sdk/src/rp2_common/pico_crt0/crt0.S.obj
 .debug_line    0x000164fb      0xac6 CMakeFiles/vectrex_hello.dir/Users/daniel/projects/vectrex-arcade-private/hardware/uvm2/RP2350_CrazyStones/pico-sdk/src/rp2_common/pico_clib_interface/newlib_interface.c.obj
 .debug_line    0x00016fc1     0x1749 CMakeFiles/vectrex_hello.dir/Users/daniel/projects/vectrex-arcade-private/hardware/uvm2/RP2350_CrazyStones/pico-sdk/src/rp2_common/pico_stdio/stdio.c.obj
 .debug_line    0x0001870a     0x1e82 CMakeFiles/vectrex_hello.dir/Users/daniel/projects/vectrex-arcade-private/hardware/uvm2/RP2350_CrazyStones/pico-sdk/src/rp2_common/pico_multicore/multicore.c.obj

.debug_line_str
                0x00000000      0x18f
 .debug_line_str
                0x00000000      0x18f CMakeFiles/vectrex_hello.dir/Users/daniel/projects/vectrex-pseudo-python/examples/vectrex_hello/build/vectrex_hello.S.obj
                                 0xa9 (size before relaxing)
 .debug_line_str
                0x0000018f        0x0 CMakeFiles/vectrex_hello.dir/Users/daniel/projects/vectrex-pseudo-python/ide/electron/resources/uvm2-sdk/uvm2_svc_entry.s.obj
                                 0xad (size before relaxing)
 .debug_line_str
                0x0000018f        0x0 CMakeFiles/vectrex_hello.dir/Users/daniel/projects/vectrex-pseudo-python/ide/electron/resources/uvm2-sdk/uvm2_pico_svc.S.obj
                                 0xac (size before relaxing)
 .debug_line_str
                0x0000018f        0x0 CMakeFiles/vectrex_hello.dir/Users/daniel/projects/vectrex-arcade-private/hardware/uvm2/RP2350_CrazyStones/pico-sdk/src/rp2_common/pico_crt0/crt0.S.obj
                                 0xc7 (size before relaxing)

.debug_info     0x00000000    0x21f29
 .debug_info    0x00000000       0x23 CMakeFiles/vectrex_hello.dir/Users/daniel/projects/vectrex-pseudo-python/examples/vectrex_hello/build/vectrex_hello.S.obj
 .debug_info    0x00000023      0x652 CMakeFiles/vectrex_hello.dir/Users/daniel/projects/vectrex-pseudo-python/ide/electron/resources/uvm2-sdk/uvm2_bus.c.obj